Component: ARM Compiler 5.06 update 5 (build 528) Tool: armlink [4d35e2]

==============================================================================

Section Cross References

    startup_stm32f103xe.o(STACK) refers (Special) to heapauxi.o(.text) for __use_two_region_memory
    startup_stm32f103xe.o(HEAP) refers (Special) to heapauxi.o(.text) for __use_two_region_memory
    startup_stm32f103xe.o(RESET) refers (Special) to heapauxi.o(.text) for __use_two_region_memory
    startup_stm32f103xe.o(RESET) refers to startup_stm32f103xe.o(STACK) for __initial_sp
    startup_stm32f103xe.o(RESET) refers to startup_stm32f103xe.o(.text) for Reset_Handler
    startup_stm32f103xe.o(RESET) refers to stm32f1xx_it.o(i.NMI_Handler) for NMI_Handler
    startup_stm32f103xe.o(RESET) refers to stm32f1xx_it.o(i.HardFault_Handler) for HardFault_Handler
    startup_stm32f103xe.o(RESET) refers to stm32f1xx_it.o(i.MemManage_Handler) for MemManage_Handler
    startup_stm32f103xe.o(RESET) refers to stm32f1xx_it.o(i.BusFault_Handler) for BusFault_Handler
    startup_stm32f103xe.o(RESET) refers to stm32f1xx_it.o(i.UsageFault_Handler) for UsageFault_Handler
    startup_stm32f103xe.o(RESET) refers to stm32f1xx_it.o(i.SVC_Handler) for SVC_Handler
    startup_stm32f103xe.o(RESET) refers to stm32f1xx_it.o(i.DebugMon_Handler) for DebugMon_Handler
    startup_stm32f103xe.o(RESET) refers to stm32f1xx_it.o(i.PendSV_Handler) for PendSV_Handler
    startup_stm32f103xe.o(RESET) refers to stm32f1xx_it.o(i.SysTick_Handler) for SysTick_Handler
    startup_stm32f103xe.o(RESET) refers to stm32f1xx_it.o(i.DMA1_Channel2_IRQHandler) for DMA1_Channel2_IRQHandler
    startup_stm32f103xe.o(RESET) refers to stm32f1xx_it.o(i.DMA1_Channel3_IRQHandler) for DMA1_Channel3_IRQHandler
    startup_stm32f103xe.o(RESET) refers to stm32f1xx_it.o(i.DMA1_Channel6_IRQHandler) for DMA1_Channel6_IRQHandler
    startup_stm32f103xe.o(RESET) refers to stm32f1xx_it.o(i.DMA1_Channel7_IRQHandler) for DMA1_Channel7_IRQHandler
    startup_stm32f103xe.o(RESET) refers to stm32f1xx_it.o(i.TIM2_IRQHandler) for TIM2_IRQHandler
    startup_stm32f103xe.o(RESET) refers to stm32f1xx_it.o(i.USART1_IRQHandler) for USART1_IRQHandler
    startup_stm32f103xe.o(RESET) refers to stm32f1xx_it.o(i.USART2_IRQHandler) for USART2_IRQHandler
    startup_stm32f103xe.o(RESET) refers to stm32f1xx_it.o(i.USART3_IRQHandler) for USART3_IRQHandler
    startup_stm32f103xe.o(RESET) refers to stm32f1xx_it.o(i.EXTI15_10_IRQHandler) for EXTI15_10_IRQHandler
    startup_stm32f103xe.o(.text) refers (Special) to heapauxi.o(.text) for __use_two_region_memory
    startup_stm32f103xe.o(.text) refers to system_stm32f1xx.o(i.SystemInit) for SystemInit
    startup_stm32f103xe.o(.text) refers to __main.o(!!!main) for __main
    startup_stm32f103xe.o(.text) refers to startup_stm32f103xe.o(HEAP) for Heap_Mem
    startup_stm32f103xe.o(.text) refers to startup_stm32f103xe.o(STACK) for Stack_Mem
    main.o(i.SystemClock_Config) refers to rt_memclr_w.o(.text) for __aeabi_memclr4
    main.o(i.SystemClock_Config) refers to stm32f1xx_hal_rcc.o(i.HAL_RCC_OscConfig) for HAL_RCC_OscConfig
    main.o(i.SystemClock_Config) refers to stm32f1xx_hal_rcc.o(i.HAL_RCC_ClockConfig) for HAL_RCC_ClockConfig
    main.o(i.main) refers to stm32f1xx_hal.o(i.HAL_Init) for HAL_Init
    main.o(i.main) refers to main.o(i.SystemClock_Config) for SystemClock_Config
    main.o(i.main) refers to gpio.o(i.MX_GPIO_Init) for MX_GPIO_Init
    main.o(i.main) refers to dma.o(i.MX_DMA_Init) for MX_DMA_Init
    main.o(i.main) refers to tim.o(i.MX_TIM1_Init) for MX_TIM1_Init
    main.o(i.main) refers to tim.o(i.MX_TIM2_Init) for MX_TIM2_Init
    main.o(i.main) refers to tim.o(i.MX_TIM3_Init) for MX_TIM3_Init
    main.o(i.main) refers to tim.o(i.MX_TIM8_Init) for MX_TIM8_Init
    main.o(i.main) refers to usart.o(i.MX_UART4_Init) for MX_UART4_Init
    main.o(i.main) refers to usart.o(i.MX_UART5_Init) for MX_UART5_Init
    main.o(i.main) refers to usart.o(i.MX_USART1_UART_Init) for MX_USART1_UART_Init
    main.o(i.main) refers to usart.o(i.MX_USART2_UART_Init) for MX_USART2_UART_Init
    main.o(i.main) refers to usart.o(i.MX_USART3_UART_Init) for MX_USART3_UART_Init
    main.o(i.main) refers to app.o(i.App_Init) for App_Init
    main.o(i.main) refers to app.o(i.App_Task) for App_Task
    gpio.o(i.MX_GPIO_Init) refers to stm32f1xx_hal_gpio.o(i.HAL_GPIO_WritePin) for HAL_GPIO_WritePin
    gpio.o(i.MX_GPIO_Init) refers to stm32f1xx_hal_gpio.o(i.HAL_GPIO_Init) for HAL_GPIO_Init
    gpio.o(i.MX_GPIO_Init) refers to stm32f1xx_hal_cortex.o(i.HAL_NVIC_SetPriority) for HAL_NVIC_SetPriority
    gpio.o(i.MX_GPIO_Init) refers to stm32f1xx_hal_cortex.o(i.HAL_NVIC_EnableIRQ) for HAL_NVIC_EnableIRQ
    dma.o(i.MX_DMA_Init) refers to stm32f1xx_hal_cortex.o(i.HAL_NVIC_SetPriority) for HAL_NVIC_SetPriority
    dma.o(i.MX_DMA_Init) refers to stm32f1xx_hal_cortex.o(i.HAL_NVIC_EnableIRQ) for HAL_NVIC_EnableIRQ
[...]
    i.Yuntai_Control                         0x080049c0   Section        0  yuntai.o(i.Yuntai_Control)
    i.Yuntaiz_A_Move                         0x080049dc   Section        0  yuntai.o(i.Yuntaiz_A_Move)
    i.Yuntaiz_B_Move                         0x08004a14   Section        0  yuntai.o(i.Yuntaiz_B_Move)
    i.__ARM_fpclassify                       0x08004a4c   Section        0  fpclassify.o(i.__ARM_fpclassify)
    i.__NVIC_SetPriority                     0x08004a74   Section        0  stm32f1xx_hal_cortex.o(i.__NVIC_SetPriority)
    __NVIC_SetPriority                       0x08004a75   Thumb Code    32  stm32f1xx_hal_cortex.o(i.__NVIC_SetPriority)
    i._is_digit                              0x08004a94   Section        0  __printf_wp.o(i._is_digit)
    i.main                                   0x08004aa2   Section        0  main.o(i.main)
    locale$$code                             0x08004ae0   Section       44  lc_numeric_c.o(locale$$code)
    locale$$code                             0x08004b0c   Section       44  lc_ctype_c.o(locale$$code)
    x$fpl$printf1                            0x08004b38   Section        4  printf1.o(x$fpl$printf1)
    x$fpl$printf2                            0x08004b3c   Section        4  printf2.o(x$fpl$printf2)
    .constdata                               0x08004b40   Section       18  stm32f1xx_hal_rcc.o(.constdata)
    x$fpl$usenofp                            0x08004b40   Section        0  usenofp.o(x$fpl$usenofp)
    aPredivFactorTable                       0x08004b40   Data           2  stm32f1xx_hal_rcc.o(.constdata)
    aPLLMULFactorTable                       0x08004b42   Data          16  stm32f1xx_hal_rcc.o(.constdata)
    .constdata                               0x08004b52   Section       16  system_stm32f1xx.o(.constdata)
    .constdata                               0x08004b62   Section        8  system_stm32f1xx.o(.constdata)
    .constdata                               0x08004b6a   Section     2072  oled.o(.constdata)
    .constdata                               0x08005382   Section       17  __printf_flags_ss_wp.o(.constdata)
    maptable                                 0x08005382   Data          17  __printf_flags_ss_wp.o(.constdata)
    .constdata                               0x08005394   Section        8  _printf_wctomb.o(.constdata)
    initial_mbstate                          0x08005394   Data           8  _printf_wctomb.o(.constdata)
    .constdata                               0x0800539c   Section       40  _printf_hex_int_ll_ptr.o(.constdata)
    uc_hextab                                0x0800539c   Data          20  _printf_hex_int_ll_ptr.o(.constdata)
    lc_hextab                                0x080053b0   Data          20  _printf_hex_int_ll_ptr.o(.constdata)
    .constdata                               0x080053c4   Section       38  _printf_fp_hex.o(.constdata)
    lc_hextab                                0x080053c4   Data          19  _printf_fp_hex.o(.constdata)
    uc_hextab                                0x080053d7   Data          19  _printf_fp_hex.o(.constdata)
    .constdata                               0x080053ec   Section      148  bigflt0.o(.constdata)
    tenpwrs_x                                0x080053ec   Data          60  bigflt0.o(.constdata)
    tenpwrs_i                                0x08005428   Data          64  bigflt0.o(.constdata)
    locale$$data                             0x080054a0   Section       28  lc_numeric_c.o(locale$$data)
    __lcnum_c_name                           0x080054a4   Data           2  lc_numeric_c.o(locale$$data)
    __lcnum_c_start                          0x080054ac   Data           0  lc_numeric_c.o(locale$$data)
    __lcnum_c_point                          0x080054b8   Data           0  lc_numeric_c.o(locale$$data)
    __lcnum_c_thousands                      0x080054ba   Data           0  lc_numeric_c.o(locale$$data)
    __lcnum_c_grouping                       0x080054bb   Data           0  lc_numeric_c.o(locale$$data)
    locale$$data                             0x080054bc   Section      272  lc_ctype_c.o(locale$$data)
    __lcnum_c_end                            0x080054bc   Data           0  lc_numeric_c.o(locale$$data)
    __lcctype_c_name                         0x080054c0   Data           2  lc_ctype_c.o(locale$$data)
    __lcctype_c_start                        0x080054c8   Data           0  lc_ctype_c.o(locale$$data)
    __lcctype_c_end                          0x080055cc   Data           0  lc_ctype_c.o(locale$$data)
    .data                                    0x20000000   Section       12  stm32f1xx_hal.o(.data)
    .data                                    0x2000000c   Section        4  system_stm32f1xx.o(.data)
    .data                                    0x20000010   Section       20  app.o(.data)
    .data                                    0x20000024   Section        2  uart_2.o(.data)
    .data                                    0x20000026   Section        1  pwm.o(.data)
    .data                                    0x20000028   Section        8  yuntai.o(.data)
    .data                                    0x20000030   Section        1  uart_3.o(.data)
    .bss                                     0x20000034   Section      288  tim.o(.bss)
    .bss                                     0x20000154   Section      632  usart.o(.bss)
    .bss                                     0x200003cc   Section      128  app.o(.bss)
    .bss                                     0x2000044c   Section      576  uart_2.o(.bss)
    .bss                                     0x2000068c   Section      512  uart_3.o(.bss)
    .bss                                     0x2000088c   Section       96  libspace.o(.bss)
    HEAP                                     0x200008f0   Section      512  startup_stm32f103xe.o(HEAP)
    Heap_Mem                                 0x200008f0   Data         512  startup_stm32f103xe.o(HEAP)
    STACK                                    0x20000af0   Section     1024  startup_stm32f103xe.o(STACK)
    Stack_Mem                                0x20000af0   Data        1024  startup_stm32f103xe.o(STACK)
    __initial_sp                             0x20000ef0   Data           0  startup_stm32f103xe.o(STACK)

    Global Symbols

    Symbol Name                              Value     Ov Type        Size  Object(Section)

    BuildAttributes$$THM_ISAv4$P$D$K$B$S$PE$A:L22UL41UL21$X:L11$S22US41US21$IEEE1$IW$USESV6$~STKCKD$USESV7$~SHL$OTIME$ROPI$IEEEJ$EBA8$UX$STANDARDLIB$REQ8$PRES8$EABIv2 0x00000000   Number         0  anon$$obj.o ABSOLUTE
    __ARM_use_no_argv                        0x00000000   Number         0  main.o ABSOLUTE
    _printf_flags                            0x00000000   Number         0  printf_stubs.o ABSOLUTE
    _printf_return_value                     0x00000000   Number         0  printf_stubs.o ABSOLUTE
    _printf_sizespec                         0x00000000   Number         0  printf_stubs.o ABSOLUTE
    _printf_widthprec                        0x00000000   Number         0  printf_stubs.o ABSOLUTE
    __ARM_exceptions_init                     - Undefined Weak Reference
    __alloca_initialize                       - Undefined Weak Reference
    __arm_preinit_                            - Undefined Weak Reference
    __cpp_initialize__aeabi_                  - Undefined Weak Reference
    __cxa_finalize                            - Undefined Weak Reference
    __sigvec_lookup                           - Undefined Weak Reference
    _atexit_init                              - Undefined Weak Reference
    _call_atexit_fns                          - Undefined Weak Reference
    _clock_init                               - Undefined Weak Reference
    _fp_trap_init                             - Undefined Weak Reference
    _fp_trap_shutdown                         - Undefined Weak Reference
    _get_lc_collate                           - Undefined Weak Reference
    _get_lc_monetary                          - Undefined Weak Reference
    _get_lc_time                              - Undefined Weak Reference
    _getenv_init                              - Undefined Weak Reference
    _handle_redirection                       - Undefined Weak Reference
    _init_alloc                               - Undefined Weak Reference
    _init_user_alloc                          - Undefined Weak Reference
    _initio                                   - Undefined Weak Reference
    _printf_mbtowc                            - Undefined Weak Reference
    _printf_wc                                - Undefined Weak Reference
    _rand_init                                - Undefined Weak Reference
    _signal_finish                            - Undefined Weak Reference
    _signal_init                              - Undefined Weak Reference
    _terminate_alloc                          - Undefined Weak Reference
    _terminate_user_alloc                     - Undefined Weak Reference
    _terminateio                              - Undefined Weak Reference
    __Vectors_Size                           0x00000130   Number         0  startup_stm32f103xe.o ABSOLUTE
    __Vectors                                0x08000000   Data           4  startup_stm32f103xe.o(RESET)
    __Vectors_End                            0x08000130   Data           0  startup_stm32f103xe.o(RESET)
    __main                                   0x08000131   Thumb Code     8  __main.o(!!!main)
    __scatterload                            0x08000139   Thumb Code     0  __scatter.o(!!!scatter)
    __scatterload_rt2                        0x08000139   Thumb Code    44  __scatter.o(!!!scatter)
    __scatterload_rt2_thumb_only             0x08000139   Thumb Code     0  __scatter.o(!!!scatter)
    __scatterload_null                       0x08000147   Thumb Code     0  __scatter.o(!!!scatter)
    __scatterload_copy                       0x0800016d   Thumb Code    26  __scatter_copy.o(!!handler_copy)
    __scatterload_zeroinit                   0x08000189   Thumb Code    28  __scatter_zi.o(!!handler_zi)
    _printf_n                                0x080001a5   Thumb Code     0  _printf_n.o(.ARM.Collect$$_printf_percent$$00000001)
    _printf_percent                          0x080001a5   Thumb Code     0  _printf_percent.o(.ARM.Collect$$_printf_percent$$00000000)
    _printf_p                                0x080001ab   Thumb Code     0  _printf_p.o(.ARM.Collect$$_printf_percent$$00000002)
    _printf_f                                0x080001b1   Thumb Code     0  _printf_f.o(.ARM.Collect$$_printf_percent$$00000003)
    _printf_e                                0x080001b7   Thumb Code     0  _printf_e.o(.ARM.Collect$$_printf_percent$$00000004)
    _printf_g                                0x080001bd   Thumb Code     0  _printf_g.o(.ARM.Collect$$_printf_percent$$00000005)
    _printf_a                                0x080001c3   Thumb Code     0  _printf_a.o(.ARM.Collect$$_printf_percent$$00000006)
    _printf_ll                               0x080001c9   Thumb Code     0  _printf_ll.o(.ARM.Collect$$_printf_percent$$00000007)
    _printf_i                                0x080001d3   Thumb Code     0  _printf_i.o(.ARM.Collect$$_printf_percent$$00000008)
    _printf_d                                0x080001d9   Thumb Code     0  _printf_d.o(.ARM.Collect$$_printf_percent$$00000009)
    _printf_u                                0x080001df   Thumb Code     0  _printf_u.o(.ARM.Collect$$_printf_percent$$0000000A)
    _printf_o                                0x080001e5   Thumb Code     0  _printf_o.o(.ARM.Collect$$_printf_percent$$0000000B)
    _printf_x                                0x080001eb   Thumb Code     0  _printf_x.o(.ARM.Collect$$_printf_percent$$0000000C)
    _printf_lli                              0x080001f1   Thumb Code     0  _printf_lli.o(.ARM.Collect$$_printf_percent$$0000000D)
    _printf_lld                              0x080001f7   Thumb Code     0  _printf_lld.o(.ARM.Collect$$_printf_percent$$0000000E)
    _printf_llu                              0x080001fd   Thumb Code     0  _printf_llu.o(.ARM.Collect$$_printf_percent$$0000000F)
    _printf_llo                              0x08000203   Thumb Code     0  _printf_llo.o(.ARM.Collect$$_printf_percent$$00000010)
    _printf_llx                              0x08000209   Thumb Code     0  _printf_llx.o(.ARM.Collect$$_printf_percent$$00000011)
    _printf_l                                0x0800020f   Thumb Code     0  _printf_l.o(.ARM.Collect$$_printf_percent$$00000012)
    _printf_c                                0x08000219   Thumb Code     0  _printf_c.o(.ARM.Collect$$_printf_percent$$00000013)
    _printf_s                                0x0800021f   Thumb Code     0  _printf_s.o(.ARM.Collect$$_printf_percent$$00000014)
    _printf_lc                               0x08000225   Thumb Code     0  _printf_lc.o(.ARM.Collect$$_printf_percent$$00000015)
    _printf_ls                               0x0800022b   Thumb Code     0  _printf_ls.o(.ARM.Collect$$_printf_percent$$00000016)
    _printf_percent_end                      0x08000231   Thumb Code     0  _printf_percent_end.o(.ARM.Collect$$_printf_percent$$00000017)
    __rt_lib_init                            0x08000235   Thumb Code     0  libinit.o(.ARM.Collect$$libinit$$00000000)
    __rt_lib_init_fp_1                       0x08000237   Thumb Code     0  libinit2.o(.ARM.Collect$$libinit$$00000002)
    __rt_lib_init_heap_1                     0x08000237   Thumb Code     0  libinit2.o(.ARM.Collect$$libinit$$0000000A)
    __rt_lib_init_lc_common                  0x08000237   Thumb Code     0  libinit2.o(.ARM.Collect$$libinit$$0000000F)
    __rt_lib_init_preinit_1                  0x08000237   Thumb Code     0  libinit2.o(.ARM.Collect$$libinit$$00000004)
    __rt_lib_init_rand_1                     0x08000237   Thumb Code     0  libinit2.o(.ARM.Collect$$libinit$$0000000E)
    __rt_lib_init_user_alloc_1               0x08000237   Thumb Code     0  libinit2.o(.ARM.Collect$$libinit$$0000000C)
    __rt_lib_init_lc_collate_1               0x0800023d   Thumb Code     0  libinit2.o(.ARM.Collect$$libinit$$00000011)
    __rt_lib_init_lc_ctype_2                 0x0800023d   Thumb Code     0  libinit2.o(.ARM.Collect$$libinit$$00000012)
    __rt_lib_init_lc_ctype_1                 0x08000249   Thumb Code     0  libinit2.o(.ARM.Collect$$libinit$$00000013)
    __rt_lib_init_lc_monetary_1              0x08000249   Thumb Code     0  libinit2.o(.ARM.Collect$$libinit$$00000015)
    __rt_lib_init_lc_numeric_2               0x08000249   Thumb Code     0  libinit2.o(.ARM.Collect$$libinit$$00000016)
    __rt_lib_init_alloca_1                   0x08000253   Thumb Code     0  libinit2.o(.ARM.Collect$$libinit$$0000002E)
    __rt_lib_init_argv_1                     0x08000253   Thumb Code     0  libinit2.o(.ARM.Collect$$libinit$$0000002C)
    __rt_lib_init_atexit_1                   0x08000253   Thumb Code     0  libinit2.o(.ARM.Collect$$libinit$$0000001B)
    __rt_lib_init_clock_1                    0x08000253   Thumb Code     0  libinit2.o(.ARM.Collect$$libinit$$00000021)
    __rt_lib_init_cpp_1                      0x08000253   Thumb Code     0  libinit2.o(.ARM.Collect$$libinit$$00000032)
    __rt_lib_init_exceptions_1               0x08000253   Thumb Code     0  libinit2.o(.ARM.Collect$$libinit$$00000030)
    __rt_lib_init_fp_trap_1                  0x08000253   Thumb Code     0  libinit2.o(.ARM.Collect$$libinit$$0000001F)
    __rt_lib_init_getenv_1                   0x08000253   Thumb Code     0  libinit2.o(.ARM.Collect$$libinit$$00000023)
    __rt_lib_init_lc_numeric_1               0x08000253   Thumb Code     0  libinit2.o(.ARM.Collect$$libinit$$00000017)
    __rt_lib_init_lc_time_1                  0x08000253   Thumb Code     0  libinit2.o(.ARM.Collect$$libinit$$00000019)
    __rt_lib_init_return                     0x08000253   Thumb Code     0  libinit2.o(.ARM.Collect$$libinit$$00000033)
    __rt_lib_init_signal_1                   0x08000253   Thumb Code     0  libinit2.o(.ARM.Collect$$libinit$$0000001D)
    __rt_lib_init_stdio_1                    0x08000253   Thumb Code     0  libinit2.o(.ARM.Collect$$libinit$$00000025)
    __rt_lib_shutdown                        0x08000255   Thumb Code     0  libshutdown.o(.ARM.Collect$$libshutdown$$00000000)
    __rt_lib_shutdown_cpp_1                  0x08000257   Thumb Code     0  libshutdown2.o(.ARM.Collect$$libshutdown$$00000002)
    __rt_lib_shutdown_fp_trap_1              0x08000257   Thumb Code     0  libshutdown2.o(.ARM.Collect$$libshutdown$$00000007)
    __rt_lib_shutdown_heap_1                 0x08000257   Thumb Code     0  libshutdown2.o(.ARM.Collect$$libshutdown$$0000000F)
    __rt_lib_shutdown_return                 0x08000257   Thumb Code     0  libshutdown2.o(.ARM.Collect$$libshutdown$$00000010)
    __rt_lib_shutdown_signal_1               0x08000257   Thumb Code     0  libshutdown2.o(.ARM.Collect$$libshutdown$$0000000A)
    __rt_lib_shutdown_stdio_1                0x08000257   Thumb Code     0  libshutdown2.o(.ARM.Collect$$libshutdown$$00000004)
    __rt_lib_shutdown_user_alloc_1           0x08000257   Thumb Code     0  libshutdown2.o(.ARM.Collect$$libshutdown$$0000000C)
    __rt_entry                               0x08000259   Thumb Code     0  __rtentry.o(.ARM.Collect$$rtentry$$00000000)
    __rt_entry_presh_1                       0x08000259   Thumb Code     0  __rtentry2.o(.ARM.Collect$$rtentry$$00000002)
    __rt_entry_sh                            0x08000259   Thumb Code     0  __rtentry4.o(.ARM.Collect$$rtentry$$00000004)
    __rt_entry_li                            0x0800025f   Thumb Code     0  __rtentry2.o(.ARM.Collect$$rtentry$$0000000A)
    __rt_entry_postsh_1                      0x0800025f   Thumb Code     0  __rtentry2.o(.ARM.Collect$$rtentry$$00000009)
    __rt_entry_main                          0x08000263   Thumb Code     0  __rtentry2.o(.ARM.Collect$$rtentry$$0000000D)
    __rt_entry_postli_1                      0x08000263   Thumb Code     0  __rtentry2.o(.ARM.Collect$$rtentry$$0000000C)
    __rt_exit                                0x0800026b   Thumb Code     0  rtexit.o(.ARM.Collect$$rtexit$$00000000)
    __rt_exit_ls                             0x0800026d   Thumb Code     0  rtexit2.o(.ARM.Collect$$rtexit$$00000003)
    __rt_exit_prels_1                        0x0800026d   Thumb Code     0  rtexit2.o(.ARM.Collect$$rtexit$$00000002)
    __rt_exit_exit                           0x08000271   Thumb Code     0  rtexit2.o(.ARM.Collect$$rtexit$$00000004)
    Reset_Handler                            0x08000279   Thumb Code     8  startup_stm32f103xe.o(.text)
    ADC1_2_IRQHandler                        0x08000293   Thumb Code     0  startup_stm32f103xe.o(.text)
    ADC3_IRQHandler                          0x08000293   Thumb Code     0  startup_stm32f103xe.o(.text)
    CAN1_RX1_IRQHandler                      0x08000293   Thumb Code     0  startup_stm32f103xe.o(.text)
    CAN1_SCE_IRQHandler                      0x08000293   Thumb Code     0  startup_stm32f103xe.o(.text)
    DMA1_Channel1_IRQHandler                 0x08000293   Thumb Code     0  startup_stm32f103xe.o(.text)
    DMA1_Channel4_IRQHandler                 0x08000293   Thumb Code     0  startup_stm32f103xe.o(.text)
    DMA1_Channel5_IRQHandler                 0x08000293   Thumb Code     0  startup_stm32f103xe.o(.text)
    DMA2_Channel1_IRQHandler                 0x08000293   Thumb Code     0  startup_stm32f103xe.o(.text)
    DMA2_Channel2_IRQHandler                 0x08000293   Thumb Code     0  startup_stm32f103xe.o(.text)
    DMA2_Channel3_IRQHandler                 0x08000293   Thumb Code     0  startup_stm32f103xe.o(.text)
    DMA2_Channel4_5_IRQHandler               0x08000293   Thumb Code     0  startup_stm32f103xe.o(.text)
    EXTI0_IRQHandler                         0x08000293   Thumb Code     0  startup_stm32f103xe.o(.text)
    EXTI1_IRQHandler                         0x08000293   Thumb Code     0  startup_stm32f103xe.o(.text)
    EXTI2_IRQHandler                         0x08000293   Thumb Code     0  startup_stm32f103xe.o(.text)
    EXTI3_IRQHandler                         0x08000293   Thumb Code     0  startup_stm32f103xe.o(.text)
    EXTI4_IRQHandler                         0x08000293   Thumb Code     0  startup_stm32f103xe.o(.text)
    EXTI9_5_IRQHandler                       0x08000293   Thumb Code     0  startup_stm32f103xe.o(.text)
    FLASH_IRQHandler                         0x08000293   Thumb Code     0  startup_stm32f103xe.o(.text)
    FSMC_IRQHandler                          0x08000293   Thumb Code     0  startup_stm32f103xe.o(.text)
    I2C1_ER_IRQHandler                       0x08000293   Thumb Code     0  startup_stm32f103xe.o(.text)
    I2C1_EV_IRQHandler                       0x08000293   Thumb Code     0  startup_stm32f103xe.o(.text)
    I2C2_ER_IRQHandler                       0x08000293   Thumb Code     0  startup_stm32f103xe.o(.text)
    I2C2_EV_IRQHandler                       0x08000293   Thumb Code     0  startup_stm32f103xe.o(.text)
    PVD_IRQHandler                           0x08000293   Thumb Code     0  startup_stm32f103xe.o(.text)
    RCC_IRQHandler                           0x08000293   Thumb Code     0  startup_stm32f103xe.o(.text)
    RTC_Alarm_IRQHandler                     0x08000293   Thumb Code     0  startup_stm32f103xe.o(.text)
    RTC_IRQHandler                           0x08000293   Thumb Code     0  startup_stm32f103xe.o(.text)
    SDIO_IRQHandler                          0x08000293   Thumb Code     0  startup_stm32f103xe.o(.text)
    SPI1_IRQHandler                          0x08000293   Thumb Code     0  startup_stm32f103xe.o(.text)
    SPI2_IRQHandler                          0x08000293   Thumb Code     0  startup_stm32f103xe.o(.text)
    SPI3_IRQHandler                          0x08000293   Thumb Code     0  startup_stm32f103xe.o(.text)
    TAMPER_IRQHandler                        0x08000293   Thumb Code     0  startup_stm32f103xe.o(.text)
    TIM1_BRK_IRQHandler                      0x08000293   Thumb Code     0  startup_stm32f103xe.o(.text)
    TIM1_CC_IRQHandler                       0x08000293   Thumb Code     0  startup_stm32f103xe.o(.text)
    TIM1_TRG_COM_IRQHandler                  0x08000293   Thumb Code     0  startup_stm32f103xe.o(.text)
    TIM1_UP_IRQHandler                       0x08000293   Thumb Code     0  startup_stm32f103xe.o(.text)
    TIM3_IRQHandler                          0x08000293   Thumb Code     0  startup_stm32f103xe.o(.text)
    TIM4_IRQHandler                          0x08000293   Thumb Code     0  startup_stm32f103xe.o(.text)
    TIM5_IRQHandler                          0x08000293   Thumb Code     0  startup_stm32f103xe.o(.text)
    TIM6_IRQHandler                          0x08000293   Thumb Code     0  startup_stm32f103xe.o(.text)
    TIM7_IRQHandler                          0x08000293   Thumb Code     0  startup_stm32f103xe.o(.text)
    TIM8_BRK_IRQHandler                      0x08000293   Thumb Code     0  startup_stm32f103xe.o(.text)
    TIM8_CC_IRQHandler                       0x08000293   Thumb Code     0  startup_stm32f103xe.o(.text)
    TIM8_TRG_COM_IRQHandler                  0x08000293   Thumb Code     0  startup_stm32f103xe.o(.text)
    TIM8_UP_IRQHandler                       0x08000293   Thumb Code     0  startup_stm32f103xe.o(.text)
    UART4_IRQHandler                         0x08000293   Thumb Code     0  startup_stm32f103xe.o(.text)
    UART5_IRQHandler                         0x08000293   Thumb Code     0  startup_stm32f103xe.o(.text)
    USBWakeUp_IRQHandler                     0x08000293   Thumb Code     0  startup_stm32f103xe.o(.text)
    USB_HP_CAN1_TX_IRQHandler                0x08000293   Thumb Code     0  startup_stm32f103xe.o(.text)
    USB_LP_CAN1_RX0_IRQHandler               0x08000293   Thumb Code     0  startup_stm32f103xe.o(.text)
    WWDG_IRQHandler                          0x08000293   Thumb Code     0  startup_stm32f103xe.o(.text)
    __user_initial_stackheap                 0x08000295   Thumb Code     0  startup_stm32f103xe.o(.text)
    vsnprintf                                0x080002b9   Thumb Code    48  vsnprintf.o(.text)
    __2sprintf                               0x080002ed   Thumb Code    38  __2sprintf.o(.text)
    _printf_pre_padding                      0x08000319   Thumb Code    44  _printf_pad.o(.text)
    _printf_post_padding                     0x08000345   Thumb Code    34  _printf_pad.o(.text)
    _printf_int_dec                          0x08000369   Thumb Code   104  _printf_dec.o(.text)
    __printf                                 0x080003e1   Thumb Code   388  __printf_flags_ss_wp.o(.text)
    strcpy                                   0x08000569   Thumb Code    72  strcpy.o(.text)
    __aeabi_memclr4                          0x080005b1   Thumb Code     0  rt_memclr_w.o(.text)
    __aeabi_memclr8                          0x080005b1   Thumb Code     0  rt_memclr_w.o(.text)
    __rt_memclr_w                            0x080005b1   Thumb Code    78  rt_memclr_w.o(.text)
    _memset_w                                0x080005b5   Thumb Code     0  rt_memclr_w.o(.text)
    __use_two_region_memory                  0x080005ff   Thumb Code     2  heapauxi.o(.text)
    __rt_heap_escrow$2region                 0x08000601   Thumb Code     2  heapauxi.o(.text)
    __rt_heap_expand$2region                 0x08000603   Thumb Code     2  heapauxi.o(.text)
    _printf_truncate_signed                  0x08000605   Thumb Code    18  _printf_truncate.o(.text)
    _printf_truncate_unsigned                0x08000617   Thumb Code    18  _printf_truncate.o(.text)
    _printf_str                              0x08000629   Thumb Code    82  _printf_str.o(.text)
    _printf_int_common                       0x0800067b   Thumb Code   178  _printf_intcommon.o(.text)
    _printf_charcount                        0x0800072d   Thumb Code    40  _printf_charcount.o(.text)
    _printf_char_common                      0x0800075f   Thumb Code    32  _printf_char_common.o(.text)
    _sputc                                   0x08000785   Thumb Code    10  _sputc.o(.text)
    _snputc                                  0x0800078f   Thumb Code    16  _snputc.o(.text)
    _printf_wctomb                           0x080007a1   Thumb Code   182  _printf_wctomb.o(.text)
    _printf_longlong_dec                     0x0800085d   Thumb Code   108  _printf_longlong_dec.o(.text)
    _printf_longlong_oct                     0x080008d9   Thumb Code    66  _printf_oct_int_ll.o(.text)
    _printf_int_oct                          0x0800091b   Thumb Code    24  _printf_oct_int_ll.o(.text)
    _printf_ll_oct                           0x08000933   Thumb Code    12  _printf_oct_int_ll.o(.text)
    _printf_longlong_hex                     0x08000949   Thumb Code    86  _printf_hex_int_ll_ptr.o(.text)
    _printf_int_hex                          0x0800099f   Thumb Code    28  _printf_hex_int_ll_ptr.o(.text)
    _printf_ll_hex                           0x080009bb   Thumb Code    12  _printf_hex_int_ll_ptr.o(.text)
    _printf_hex_ptr                          0x080009c7   Thumb Code    18  _printf_hex_int_ll_ptr.o(.text)
    _ll_udiv10                               0x080009dd   Thumb Code   138  lludiv10.o(.text)
    __lib_sel_fp_printf                      0x08000a67   Thumb Code     2  _printf_fp_dec.o(.text)
    _printf_fp_dec_real                      0x08000c19   Thumb Code   620  _printf_fp_dec.o(.text)
    _printf_fp_hex_real                      0x08000e85   Thumb Code   756  _printf_fp_hex.o(.text)
    _printf_cs_common                        0x08001181   Thumb Code    20  _printf_char.o(.text)
    _printf_char                             0x08001195   Thumb Code    16  _printf_char.o(.text)
    _printf_string                           0x080011a5   Thumb Code     8  _printf_char.o(.text)
    _printf_lcs_common                       0x080011ad   Thumb Code    20  _printf_wchar.o(.text)
    _printf_wchar                            0x080011c1   Thumb Code    16  _printf_wchar.o(.text)
    _printf_wstring                          0x080011d1   Thumb Code     8  _printf_wchar.o(.text)
    _wcrtomb                                 0x080011d9   Thumb Code    64  _wcrtomb.o(.text)
    __user_setup_stackheap                   0x08001219   Thumb Code    74  sys_stackheap_outer.o(.text)
    __rt_ctype_table                         0x08001265   Thumb Code    16  rt_ctype_table.o(.text)
    __rt_locale                              0x08001275   Thumb Code     8  rt_locale_intlibspace.o(.text)
    _printf_fp_infnan                        0x0800127d   Thumb Code   112  _printf_fp_infnan.o(.text)
    _btod_etento                             0x080012fd   Thumb Code   224  bigflt0.o(.text)
    exit                                     0x080013e1   Thumb Code    18  exit.o(.text)
    __user_libspace                          0x080013f5   Thumb Code     8  libspace.o(.text)
    __user_perproc_libspace                  0x080013f5   Thumb Code     0  libspace.o(.text)
    __user_perthread_libspace                0x080013f5   Thumb Code     0  libspace.o(.text)
    strcmp                                   0x080013fd   Thumb Code   128  strcmpv7m.o(.text)
    _sys_exit                                0x0800147d   Thumb Code     8  sys_exit.o(.text)
    __I$use$semihosting                      0x08001489   Thumb Code     0  use_no_semi.o(.text)
    __use_no_semihosting_swi                 0x08001489   Thumb Code     2  use_no_semi.o(.text)
    __semihosting_library_function           0x0800148b   Thumb Code     0  indicate_semi.o(.text)
    _btod_d2e                                0x0800148b   Thumb Code    62  btod.o(CL$$btod_d2e)
    _d2e_denorm_low                          0x080014c9   Thumb Code    70  btod.o(CL$$btod_d2e_denorm_low)
    _d2e_norm_op1                            0x0800150f   Thumb Code    96  btod.o(CL$$btod_d2e_norm_op1)
    __btod_div_common                        0x0800156f   Thumb Code   696  btod.o(CL$$btod_div_common)
    _e2e                                     0x080018a7   Thumb Code   220  btod.o(CL$$btod_e2e)
    _btod_ediv                               0x08001983   Thumb Code    42  btod.o(CL$$btod_ediv)
    _btod_emul                               0x080019ad   Thumb Code    42  btod.o(CL$$btod_emul)
    __btod_mult_common                       0x080019d7   Thumb Code   580  btod.o(CL$$btod_mult_common)
    App_Init                                 0x08001c1d   Thumb Code    66  app.o(i.App_Init)
    App_Task                                 0x08001c99   Thumb Code   114  app.o(i.App_Task)
    BusFault_Handler                         0x08001d5d   Thumb Code     2  stm32f1xx_it.o(i.BusFault_Handler)
    DMA1_Channel2_IRQHandler                 0x08001d61   Thumb Code     6  stm32f1xx_it.o(i.DMA1_Channel2_IRQHandler)
    DMA1_Channel3_IRQHandler                 0x08001d6d   Thumb Code     6  stm32f1xx_it.o(i.DMA1_Channel3_IRQHandler)
    DMA1_Channel6_IRQHandler                 0x08001d79   Thumb Code     6  stm32f1xx_it.o(i.DMA1_Channel6_IRQHandler)
    DMA1_Channel7_IRQHandler                 0x08001d85   Thumb Code     6  stm32f1xx_it.o(i.DMA1_Channel7_IRQHandler)
    DebugMon_Handler                         0x08001dbb   Thumb Code     2  stm32f1xx_it.o(i.DebugMon_Handler)
    EXTI15_10_IRQHandler                     0x08001dbd   Thumb Code    38  stm32f1xx_it.o(i.EXTI15_10_IRQHandler)
    Error_Handler                            0x08001de3   Thumb Code     4  main.o(i.Error_Handler)
    HAL_DMA_Abort                            0x08001de7   Thumb Code    70  stm32f1xx_hal_dma.o(i.HAL_DMA_Abort)
    HAL_DMA_Abort_IT                         0x08001e2d   Thumb Code   296  stm32f1xx_hal_dma.o(i.HAL_DMA_Abort_IT)
    HAL_DMA_IRQHandler                       0x08001f5d   Thumb Code   552  stm32f1xx_hal_dma.o(i.HAL_DMA_IRQHandler)
    HAL_DMA_Init                             0x080021a5   Thumb Code   112  stm32f1xx_hal_dma.o(i.HAL_DMA_Init)
    HAL_DMA_Start_IT                         0x08002221   Thumb Code   112  stm32f1xx_hal_dma.o(i.HAL_DMA_Start_IT)
    HAL_Delay                                0x08002291   Thumb Code    32  stm32f1xx_hal.o(i.HAL_Delay)
    HAL_GPIO_EXTI_Callback                   0x080022b5   Thumb Code     2  stm32f1xx_hal_gpio.o(i.HAL_GPIO_EXTI_Callback)
    HAL_GPIO_EXTI_IRQHandler                 0x080022b9   Thumb Code    18  stm32f1xx_hal_gpio.o(i.HAL_GPIO_EXTI_IRQHandler)
    HAL_GPIO_Init                            0x080022d1   Thumb Code   462  stm32f1xx_hal_gpio.o(i.HAL_GPIO_Init)
    HAL_GPIO_TogglePin                       0x080024c9   Thumb Code    16  stm32f1xx_hal_gpio.o(i.HAL_GPIO_TogglePin)
    HAL_GPIO_WritePin                        0x080024d9   Thumb Code    10  stm32f1xx_hal_gpio.o(i.HAL_GPIO_WritePin)
    HAL_GetTick                              0x080024e5   Thumb Code     6  stm32f1xx_hal.o(i.HAL_GetTick)
    HAL_IncTick                              0x080024f1   Thumb Code    12  stm32f1xx_hal.o(i.HAL_IncTick)
    HAL_Init                                 0x08002501   Thumb Code    32  stm32f1xx_hal.o(i.HAL_Init)
    HAL_InitTick                             0x08002525   Thumb Code    54  stm32f1xx_hal.o(i.HAL_InitTick)
    HAL_MspInit                              0x08002565   Thumb Code    52  stm32f1xx_hal_msp.o(i.HAL_MspInit)
    HAL_NVIC_EnableIRQ                       0x080025a1   Thumb Code    26  stm32f1xx_hal_cortex.o(i.HAL_NVIC_EnableIRQ)
    HAL_NVIC_SetPriority                     0x080025bd   Thumb Code    60  stm32f1xx_hal_cortex.o(i.HAL_NVIC_SetPriority)
    HAL_NVIC_SetPriorityGrouping             0x080025fd   Thumb Code    26  stm32f1xx_hal_cortex.o(i.HAL_NVIC_SetPriorityGrouping)
    HAL_RCC_ClockConfig                      0x08002621   Thumb Code   280  stm32f1xx_hal_rcc.o(i.HAL_RCC_ClockConfig)
    HAL_RCC_GetPCLK1Freq                     0x0800274d   Thumb Code    20  stm32f1xx_hal_rcc.o(i.HAL_RCC_GetPCLK1Freq)
    HAL_RCC_GetPCLK2Freq                     0x0800276d   Thumb Code    20  stm32f1xx_hal_rcc.o(i.HAL_RCC_GetPCLK2Freq)
    HAL_RCC_GetSysClockFreq                  0x0800278d   Thumb Code    58  stm32f1xx_hal_rcc.o(i.HAL_RCC_GetSysClockFreq)
    HAL_RCC_OscConfig                        0x080027d9   Thumb Code   778  stm32f1xx_hal_rcc.o(i.HAL_RCC_OscConfig)
    HAL_SYSTICK_Config                       0x08002af9   Thumb Code    40  stm32f1xx_hal_cortex.o(i.HAL_SYSTICK_Config)
    HAL_TIMEx_BreakCallback                  0x08002b21   Thumb Code     2  stm32f1xx_hal_tim_ex.o(i.HAL_TIMEx_BreakCallback)
    HAL_TIMEx_CommutCallback                 0x08002b23   Thumb Code     2  stm32f1xx_hal_tim_ex.o(i.HAL_TIMEx_CommutCallback)
    HAL_TIMEx_MasterConfigSynchronization    0x08002b25   Thumb Code   104  stm32f1xx_hal_tim_ex.o(i.HAL_TIMEx_MasterConfigSynchronization)
    HAL_TIM_Base_Init                        0x08002ba1   Thumb Code    90  stm32f1xx_hal_tim.o(i.HAL_TIM_Base_Init)
    HAL_TIM_Base_MspInit                     0x08002bfd   Thumb Code    50  tim.o(i.HAL_TIM_Base_MspInit)
    HAL_TIM_Base_Start_IT                    0x08002c35   Thumb Code    88  stm32f1xx_hal_tim.o(i.HAL_TIM_Base_Start_IT)
    HAL_TIM_ConfigClockSource                0x08002ca1   Thumb Code   220  stm32f1xx_hal_tim.o(i.HAL_TIM_ConfigClockSource)
    HAL_TIM_Encoder_Init                     0x08002d7d   Thumb Code   164  stm32f1xx_hal_tim.o(i.HAL_TIM_Encoder_Init)
    HAL_TIM_Encoder_MspInit                  0x08002e21   Thumb Code   122  tim.o(i.HAL_TIM_Encoder_MspInit)
    HAL_TIM_IC_CaptureCallback               0x08002eb1   Thumb Code     2  stm32f1xx_hal_tim.o(i.HAL_TIM_IC_CaptureCallback)
    HAL_TIM_IRQHandler                       0x08002eb3   Thumb Code   358  stm32f1xx_hal_tim.o(i.HAL_TIM_IRQHandler)
    HAL_TIM_MspPostInit                      0x08003019   Thumb Code   126  tim.o(i.HAL_TIM_MspPostInit)
    HAL_TIM_OC_DelayElapsedCallback          0x080030a9   Thumb Code     2  stm32f1xx_hal_tim.o(i.HAL_TIM_OC_DelayElapsedCallback)
    HAL_TIM_PWM_ConfigChannel                0x080030ab   Thumb Code   204  stm32f1xx_hal_tim.o(i.HAL_TIM_PWM_ConfigChannel)
    HAL_TIM_PWM_Init                         0x08003177   Thumb Code    90  stm32f1xx_hal_tim.o(i.HAL_TIM_PWM_Init)
    HAL_TIM_PWM_MspInit                      0x080031d1   Thumb Code    30  tim.o(i.HAL_TIM_PWM_MspInit)
    HAL_TIM_PWM_PulseFinishedCallback        0x080031f9   Thumb Code     2  stm32f1xx_hal_tim.o(i.HAL_TIM_PWM_PulseFinishedCallback)
    HAL_TIM_PWM_Start                        0x080031fd   Thumb Code   160  stm32f1xx_hal_tim.o(i.HAL_TIM_PWM_Start)
    HAL_TIM_PeriodElapsedCallback            0x080032b1   Thumb Code    26  app.o(i.HAL_TIM_PeriodElapsedCallback)
    HAL_TIM_TriggerCallback                  0x080032d5   Thumb Code     2  stm32f1xx_hal_tim.o(i.HAL_TIM_TriggerCallback)
    HAL_UARTEx_ReceiveToIdle_DMA             0x080032d7   Thumb Code    78  stm32f1xx_hal_uart.o(i.HAL_UARTEx_ReceiveToIdle_DMA)
    HAL_UARTEx_RxEventCallback               0x08003325   Thumb Code    24  uart_it_config.o(i.HAL_UARTEx_RxEventCallback)
    HAL_UART_ErrorCallback                   0x08003345   Thumb Code    24  uart_it_config.o(i.HAL_UART_ErrorCallback)
    HAL_UART_IRQHandler                      0x08003365   Thumb Code   616  stm32f1xx_hal_uart.o(i.HAL_UART_IRQHandler)
    HAL_UART_Init                            0x080035d1   Thumb Code   100  stm32f1xx_hal_uart.o(i.HAL_UART_Init)
    HAL_UART_MspInit                         0x08003635   Thumb Code   628  usart.o(i.HAL_UART_MspInit)
    HAL_UART_RxCpltCallback                  0x080038dd   Thumb Code     2  stm32f1xx_hal_uart.o(i.HAL_UART_RxCpltCallback)
    HAL_UART_RxHalfCpltCallback              0x080038df   Thumb Code     2  stm32f1xx_hal_uart.o(i.HAL_UART_RxHalfCpltCallback)
    HAL_UART_Transmit_DMA                    0x080038e1   Thumb Code   106  stm32f1xx_hal_uart.o(i.HAL_UART_Transmit_DMA)
    HAL_UART_TxCpltCallback                  0x08003959   Thumb Code     2  stm32f1xx_hal_uart.o(i.HAL_UART_TxCpltCallback)
    HAL_UART_TxHalfCpltCallback              0x0800395b   Thumb Code     2  stm32f1xx_hal_uart.o(i.HAL_UART_TxHalfCpltCallback)
    HardFault_Handler                        0x0800395d   Thumb Code     2  stm32f1xx_it.o(i.HardFault_Handler)
    IIC_Start                                0x08003961   Thumb Code    52  oled.o(i.IIC_Start)
    IIC_Stop                                 0x08003999   Thumb Code    40  oled.o(i.IIC_Stop)
    IIC_Wait_Ack                             0x080039c5   Thumb Code    30  oled.o(i.IIC_Wait_Ack)
    LED_Toggle                               0x080039e9   Thumb Code    10  led.o(i.LED_Toggle)
    MX_DMA_Init                              0x080039f9   Thumb Code    88  dma.o(i.MX_DMA_Init)
    MX_GPIO_Init                             0x08003a55   Thumb Code   240  gpio.o(i.MX_GPIO_Init)
    MX_TIM1_Init                             0x08003b59   Thumb Code    98  tim.o(i.MX_TIM1_Init)
    MX_TIM2_Init                             0x08003bc5   Thumb Code   164  tim.o(i.MX_TIM2_Init)
    MX_TIM3_Init                             0x08003c6d   Thumb Code   152  tim.o(i.MX_TIM3_Init)
    MX_TIM8_Init                             0x08003d0d   Thumb Code    98  tim.o(i.MX_TIM8_Init)
    MX_UART4_Init                            0x08003d79   Thumb Code    48  usart.o(i.MX_UART4_Init)
    MX_UART5_Init                            0x08003db1   Thumb Code    48  usart.o(i.MX_UART5_Init)
    MX_USART1_UART_Init                      0x08003de9   Thumb Code    48  usart.o(i.MX_USART1_UART_Init)
    MX_USART2_UART_Init                      0x08003e21   Thumb Code    48  usart.o(i.MX_USART2_UART_Init)
    MX_USART3_UART_Init                      0x08003e59   Thumb Code    48  usart.o(i.MX_USART3_UART_Init)
    MemManage_Handler                        0x08003e91   Thumb Code     2  stm32f1xx_it.o(i.MemManage_Handler)
    NMI_Handler                              0x08003e93   Thumb Code     2  stm32f1xx_it.o(i.NMI_Handler)
    OLED_Clear                               0x08003e95   Thumb Code    58  oled.o(i.OLED_Clear)
    OLED_Init                                0x08003ecf   Thumb Code   222  oled.o(i.OLED_Init)
    OLED_Set_Pos                             0x08003fad   Thumb Code    42  oled.o(i.OLED_Set_Pos)
    OLED_ShowChar                            0x08003fd9   Thumb Code   128  oled.o(i.OLED_ShowChar)
    OLED_ShowString                          0x08004061   Thumb Code    54  oled.o(i.OLED_ShowString)
    OLED_WR_Byte                             0x08004097   Thumb Code    12  oled.o(i.OLED_WR_Byte)
    PWM_Init                                 0x080040a5   Thumb Code    32  pwm.o(i.PWM_Init)
    PendSV_Handler                           0x080040c9   Thumb Code     2  stm32f1xx_it.o(i.PendSV_Handler)
    SERVO_PWMA_Set                           0x080040cd   Thumb Code    26  pwm.o(i.SERVO_PWMA_Set)
    SERVO_PWMB_Set                           0x080040f1   Thumb Code    26  pwm.o(i.SERVO_PWMB_Set)
    SVC_Handler                              0x08004115   Thumb Code     2  stm32f1xx_it.o(i.SVC_Handler)
    SysTick_Handler                          0x08004117   Thumb Code     4  stm32f1xx_it.o(i.SysTick_Handler)
    SystemClock_Config                       0x0800411b   Thumb Code    94  main.o(i.SystemClock_Config)
    SystemInit                               0x08004179   Thumb Code     2  system_stm32f1xx.o(i.SystemInit)
    TIM2_IRQHandler                          0x0800417d   Thumb Code     6  stm32f1xx_it.o(i.TIM2_IRQHandler)
    TIM_Base_SetConfig                       0x08004189   Thumb Code   120  stm32f1xx_hal_tim.o(i.TIM_Base_SetConfig)
    TIM_CCxChannelCmd                        0x08004215   Thumb Code    26  stm32f1xx_hal_tim.o(i.TIM_CCxChannelCmd)
    TIM_ETR_SetConfig                        0x0800422f   Thumb Code    20  stm32f1xx_hal_tim.o(i.TIM_ETR_SetConfig)
    TIM_OC2_SetConfig                        0x080042b5   Thumb Code    98  stm32f1xx_hal_tim.o(i.TIM_OC2_SetConfig)
    UART2_ErrorCallback                      0x0800441f   Thumb Code     8  uart_2.o(i.UART2_ErrorCallback)
    UART2_Init                               0x08004429   Thumb Code    38  uart_2.o(i.UART2_Init)
    UART3_ErrorCallback                      0x0800445d   Thumb Code     8  uart_3.o(i.UART3_ErrorCallback)
    UART3_Init                               0x08004465   Thumb Code    38  uart_3.o(i.UART3_Init)
    UARTE2_RxEventCallback                   0x08004499   Thumb Code    32  uart_2.o(i.UARTE2_RxEventCallback)
    UARTE3_RxEventCallback                   0x080044c5   Thumb Code    28  uart_3.o(i.UARTE3_RxEventCallback)
    UART_IT_Init                             0x0800469d   Thumb Code    14  uart_it_config.o(i.UART_IT_Init)
    UART_Start_Receive_DMA                   0x08004825   Thumb Code   130  stm32f1xx_hal_uart.o(i.UART_Start_Receive_DMA)
    USART1_IRQHandler                        0x080048b5   Thumb Code     6  stm32f1xx_it.o(i.USART1_IRQHandler)
    USART2_IRQHandler                        0x080048c1   Thumb Code     6  stm32f1xx_it.o(i.USART2_IRQHandler)
    USART3_IRQHandler                        0x080048cd   Thumb Code     6  stm32f1xx_it.o(i.USART3_IRQHandler)
    UsageFault_Handler                       0x080048d9   Thumb Code     2  stm32f1xx_it.o(i.UsageFault_Handler)
    Usart3DmaPrintf                          0x080048dd   Thumb Code    34  uart_3.o(i.Usart3DmaPrintf)
    Write_IIC_Byte                           0x08004909   Thumb Code    86  oled.o(i.Write_IIC_Byte)
    Write_IIC_Command                        0x08004965   Thumb Code    46  oled.o(i.Write_IIC_Command)
    Write_IIC_Data                           0x08004993   Thumb Code    46  oled.o(i.Write_IIC_Data)
    Yuntai_Control                           0x080049c1   Thumb Code    24  yuntai.o(i.Yuntai_Control)
    Yuntaiz_A_Move                           0x080049dd   Thumb Code    52  yuntai.o(i.Yuntaiz_A_Move)
    Yuntaiz_B_Move                           0x08004a15   Thumb Code    52  yuntai.o(i.Yuntaiz_B_Move)
    __ARM_fpclassify                         0x08004a4d   Thumb Code    40  fpclassify.o(i.__ARM_fpclassify)
    _is_digit                                0x08004a95   Thumb Code    14  __printf_wp.o(i._is_digit)
    main                                     0x08004aa3   Thumb Code    62  main.o(i.main)
    _get_lc_numeric                          0x08004ae1   Thumb Code    44  lc_numeric_c.o(locale$$code)
    _get_lc_ctype                            0x08004b0d   Thumb Code    44  lc_ctype_c.o(locale$$code)
    _printf_fp_dec                           0x08004b39   Thumb Code     4  printf1.o(x$fpl$printf1)
    _printf_fp_hex                           0x08004b3d   Thumb Code     4  printf2.o(x$fpl$printf2)
    __I$use$fp                               0x08004b40   Number         0  usenofp.o(x$fpl$usenofp)
    AHBPrescTable                            0x08004b52   Data          16  system_stm32f1xx.o(.constdata)
    APBPrescTable                            0x08004b62   Data           8  system_stm32f1xx.o(.constdata)
    F6x8                                     0x08004b6a   Data         552  oled.o(.constdata)
    F8X16                                    0x08004d92   Data        1520  oled.o(.constdata)
    Region$$Table$$Base                      0x08005480   Number         0  anon$$obj.o(Region$$Table)
    Region$$Table$$Limit                     0x080054a0   Number         0  anon$$obj.o(Region$$Table)
    __ctype                                  0x080054c9   Data           0  lc_ctype_c.o(locale$$data)
    uwTickFreq                               0x20000000   Data           1  stm32f1xx_hal.o(.data)
    uwTickPrio                               0x20000004   Data           4  stm32f1xx_hal.o(.data)
    uwTick                                   0x20000008   Data           4  stm32f1xx_hal.o(.data)
    SystemCoreClock                          0x2000000c   Data           4  system_stm32f1xx.o(.data)
    Problem_Flag                             0x20000010   Data           1  app.o(.data)
    LED_Heartbeat                            0x20000011   Data           1  app.o(.data)
    Servo_MAX_A                              0x20000012   Data           2  app.o(.data)
    Servo_MIN_A                              0x20000014   Data           2  app.o(.data)
    Servo_MIN_B                              0x20000016   Data           2  app.o(.data)
    Servo_MAX_B                              0x20000018   Data           2  app.o(.data)
    x                                        0x2000001c   Data           4  app.o(.data)
    y                                        0x20000020   Data           4  app.o(.data)
    Uart_RxBuffer_2                          0x20000024   Data           1  uart_2.o(.data)
    K210_Flag                                0x20000025   Data           1  uart_2.o(.data)
    Stop_Flag                                0x20000026   Data           1  pwm.o(.data)
    pwm_A                                    0x20000028   Data           2  yuntai.o(.data)
    pwm_B                                    0x2000002a   Data           2  yuntai.o(.data)
    pwm_A_last                               0x2000002c   Data           2  yuntai.o(.data)
    pwm_B_last                               0x2000002e   Data           2  yuntai.o(.data)
    Uart_RxBuffer_1                          0x20000030   Data           1  uart_3.o(.data)
    htim1                                    0x20000034   Data          72  tim.o(.bss)
    htim2                                    0x2000007c   Data          72  tim.o(.bss)
    htim3                                    0x200000c4   Data          72  tim.o(.bss)
    htim8                                    0x2000010c   Data          72  tim.o(.bss)
    huart4                                   0x20000154   Data          72  usart.o(.bss)
    huart5                                   0x2000019c   Data          72  usart.o(.bss)
    huart1                                   0x200001e4   Data          72  usart.o(.bss)
    huart2                                   0x2000022c   Data          72  usart.o(.bss)
    huart3                                   0x20000274   Data          72  usart.o(.bss)
    hdma_usart2_rx                           0x200002bc   Data          68  usart.o(.bss)
    hdma_usart2_tx                           0x20000300   Data          68  usart.o(.bss)
    hdma_usart3_rx                           0x20000344   Data          68  usart.o(.bss)
    hdma_usart3_tx                           0x20000388   Data          68  usart.o(.bss)
    str_buff3                                0x200003cc   Data          64  app.o(.bss)
    str_buff4                                0x2000040c   Data          64  app.o(.bss)
    RxBuffer_2                               0x2000044c   Data         256  uart_2.o(.bss)
    TxBuffer_2                               0x2000054c   Data         256  uart_2.o(.bss)
    k210_msg                                 0x2000064c   Data          64  uart_2.o(.bss)
    RxBuffer_1                               0x2000068c   Data         256  uart_3.o(.bss)
    TxBuffer_1                               0x2000078c   Data         256  uart_3.o(.bss)
    __libspace_start                         0x2000088c   Data          96  libspace.o(.bss)
    __temporary_stack_top$libspace           0x200008ec   Data           0  libspace.o(.bss)



==============================================================================

Memory Map of the image

  Image Entry point : 0x08000131

  Load Region LR_IROM1 (Base: 0x08000000, Size: 0x00005600, Max: 0x00040000, ABSOLUTE)

    Execution Region ER_IROM1 (Exec base: 0x08000000, Load base: 0x08000000, Size: 0x000055cc, Max: 0x00040000, ABSOLUTE)

    Exec Addr    Load Addr    Size         Type   Attr      Idx    E Section Name        Object

    0x08000000   0x08000000   0x00000130   Data   RO            3    RESET               startup_stm32f103xe.o
    0x08000130   0x08000130   0x00000008   Code   RO         3488  * !!!main             c_w.l(__main.o)
    0x08000138   0x08000138   0x00000034   Code   RO         3831    !!!scatter          c_w.l(__scatter.o)
    0x0800016c   0x0800016c   0x0000001a   Code   RO         3833    !!handler_copy      c_w.l(__scatter_copy.o)
    0x08000186   0x08000186   0x00000002   PAD
    0x08000188   0x08000188   0x0000001c   Code   RO         3835    !!handler_zi        c_w.l(__scatter_zi.o)
    0x080001a4   0x080001a4   0x00000000   Code   RO         3481    .ARM.Collect$$_printf_percent$$00000000  c_w.l(_printf_percent.o)
    0x080001a4   0x080001a4   0x00000006   Code   RO         3565    .ARM.Collect$$_printf_percent$$00000001  c_w.l(_printf_n.o)
    0x080001aa   0x080001aa   0x00000006   Code   RO         3567    .ARM.Collect$$_printf_percent$$00000002  c_w.l(_printf_p.o)
    0x080001b0   0x080001b0   0x00000006   Code   RO         3571    .ARM.Collect$$_printf_percent$$00000003  c_w.l(_printf_f.o)
    0x080001b6   0x080001b6   0x00000006   Code   RO         3572    .ARM.Collect$$_printf_percent$$00000004  c_w.l(_printf_e.o)
    0x080001bc   0x080001bc   0x00000006   Code   RO         3573    .ARM.Collect$$_printf_percent$$00000005  c_w.l(_printf_g.o)
    0x080001c2   0x080001c2   0x00000006   Code   RO         3574    .ARM.Collect$$_printf_percent$$00000006  c_w.l(_printf_a.o)
    0x080001c8   0x080001c8   0x0000000a   Code   RO         3579    .ARM.Collect$$_printf_percent$$00000007  c_w.l(_printf_ll.o)
    0x080001d2   0x080001d2   0x00000006   Code   RO         3569    .ARM.Collect$$_printf_percent$$00000008  c_w.l(_printf_i.o)
    0x080001d8   0x080001d8   0x00000006   Code   RO         3480    .ARM.Collect$$_printf_percent$$00000009  c_w.l(_printf_d.o)
    0x080001de   0x080001de   0x00000006   Code   RO         3570    .ARM.Collect$$_printf_percent$$0000000A  c_w.l(_printf_u.o)
    0x080001e4   0x080001e4   0x00000006   Code   RO         3568    .ARM.Collect$$_printf_percent$$0000000B  c_w.l(_printf_o.o)
    0x080001ea   0x080001ea   0x00000006   Code   RO         3566    .ARM.Collect$$_printf_percent$$0000000C  c_w.l(_printf_x.o)
    0x080001f0   0x080001f0   0x00000006   Code   RO         3576    .ARM.Collect$$_printf_percent$$0000000D  c_w.l(_printf_lli.o)
    0x080001f6   0x080001f6   0x00000006   Code   RO         3577    .ARM.Collect$$_printf_percent$$0000000E  c_w.l(_printf_lld.o)
    0x080001fc   0x080001fc   0x00000006   Code   RO         3578    .ARM.Collect$$_printf_percent$$0000000F  c_w.l(_printf_llu.o)
    0x08000202   0x08000202   0x00000006   Code   RO         3583    .ARM.Collect$$_printf_percent$$00000010  c_w.l(_printf_llo.o)
    0x08000208   0x08000208   0x00000006   Code   RO         3584    .ARM.Collect$$_printf_percent$$00000011  c_w.l(_printf_llx.o)
    0x0800020e   0x0800020e   0x0000000a   Code   RO         3580    .ARM.Collect$$_printf_percent$$00000012  c_w.l(_printf_l.o)
    0x08000218   0x08000218   0x00000006   Code   RO         3563    .ARM.Collect$$_printf_percent$$00000013  c_w.l(_printf_c.o)
    0x0800021e   0x0800021e   0x00000006   Code   RO         3564    .ARM.Collect$$_printf_percent$$00000014  c_w.l(_printf_s.o)
    0x08000224   0x08000224   0x00000006   Code   RO         3581    .ARM.Collect$$_printf_percent$$00000015  c_w.l(_printf_lc.o)
    0x0800022a   0x0800022a   0x00000006   Code   RO         3582    .ARM.Collect$$_printf_percent$$00000016  c_w.l(_printf_ls.o)
    0x08000230   0x08000230   0x00000004   Code   RO         3575    .ARM.Collect$$_printf_percent$$00000017  c_w.l(_printf_percent_end.o)
    0x08000234   0x08000234   0x00000002   Code   RO         3692    .ARM.Collect$$libinit$$00000000  c_w.l(libinit.o)
    0x08000236   0x08000236   0x00000000   Code   RO         3708    .ARM.Collect$$libinit$$00000002  c_w.l(libinit2.o)
    0x08000236   0x08000236   0x00000000   Code   RO         3710    .ARM.Collect$$libinit$$00000004  c_w.l(libinit2.o)
    0x08000236   0x08000236   0x00000000   Code   RO         3713    .ARM.Collect$$libinit$$0000000A  c_w.l(libinit2.o)
    0x08000236   0x08000236   0x00000000   Code   RO         3715    .ARM.Collect$$libinit$$0000000C  c_w.l(libinit2.o)
    0x08000236   0x08000236   0x00000000   Code   RO         3717    .ARM.Collect$$libinit$$0000000E  c_w.l(libinit2.o)
    0x08000236   0x08000236   0x00000006   Code   RO         3718    .ARM.Collect$$libinit$$0000000F  c_w.l(libinit2.o)
    0x0800023c   0x0800023c   0x00000000   Code   RO         3720    .ARM.Collect$$libinit$$00000011  c_w.l(libinit2.o)
    0x0800023c   0x0800023c   0x0000000c   Code   RO         3721    .ARM.Collect$$libinit$$00000012  c_w.l(libinit2.o)
    0x08000248   0x08000248   0x00000000   Code   RO         3722    .ARM.Collect$$libinit$$00000013  c_w.l(libinit2.o)
    0x08000248   0x08000248   0x00000000   Code   RO         3724    .ARM.Collect$$libinit$$00000015  c_w.l(libinit2.o)
    0x08000248   0x08000248   0x0000000a   Code   RO         3725    .ARM.Collect$$libinit$$00000016  c_w.l(libinit2.o)
    0x08000252   0x08000252   0x00000000   Code   RO         3726    .ARM.Collect$$libinit$$00000017  c_w.l(libinit2.o)
    0x08000252   0x08000252   0x00000000   Code   RO         3728    .ARM.Collect$$libinit$$00000019  c_w.l(libinit2.o)
    0x08000252   0x08000252   0x00000000   Code   RO         3730    .ARM.Collect$$libinit$$0000001B  c_w.l(libinit2.o)
    0x08000252   0x08000252   0x00000000   Code   RO         3732    .ARM.Collect$$libinit$$0000001D  c_w.l(libinit2.o)
    0x08000252   0x08000252   0x00000000   Code   RO         3734    .ARM.Collect$$libinit$$0000001F  c_w.l(libinit2.o)
    0x08000252   0x08000252   0x00000000   Code   RO         3736    .ARM.Collect$$libinit$$00000021  c_w.l(libinit2.o)
    0x08000252   0x08000252   0x00000000   Code   RO         3738    .ARM.Collect$$libinit$$00000023  c_w.l(libinit2.o)
    0x08000252   0x08000252   0x00000000   Code   RO         3740    .ARM.Collect$$libinit$$00000025  c_w.l(libinit2.o)
    0x08000252   0x08000252   0x00000000   Code   RO         3744    .ARM.Collect$$libinit$$0000002C  c_w.l(libinit2.o)
    0x08000252   0x08000252   0x00000000   Code   RO         3746    .ARM.Collect$$libinit$$0000002E  c_w.l(libinit2.o)
    0x08000252   0x08000252   0x00000000   Code   RO         3748    .ARM.Collect$$libinit$$00000030  c_w.l(libinit2.o)
    0x08000252   0x08000252   0x00000000   Code   RO         3750    .ARM.Collect$$libinit$$00000032  c_w.l(libinit2.o)
    0x08000252   0x08000252   0x00000002   Code   RO         3751    .ARM.Collect$$libinit$$00000033  c_w.l(libinit2.o)
    0x08000254   0x08000254   0x00000002   Code   RO         3771    .ARM.Collect$$libshutdown$$00000000  c_w.l(libshutdown.o)
    0x08000256   0x08000256   0x00000000   Code   RO         3784    .ARM.Collect$$libshutdown$$00000002  c_w.l(libshutdown2.o)
    0x08000256   0x08000256   0x00000000   Code   RO         3786    .ARM.Collect$$libshutdown$$00000004  c_w.l(libshutdown2.o)
    0x08000256   0x08000256   0x00000000   Code   RO         3789    .ARM.Collect$$libshutdown$$00000007  c_w.l(libshutdown2.o)
    0x08000256   0x08000256   0x00000000   Code   RO         3792    .ARM.Collect$$libshutdown$$0000000A  c_w.l(libshutdown2.o)
    0x08000256   0x08000256   0x00000000   Code   RO         3794    .ARM.Collect$$libshutdown$$0000000C  c_w.l(libshutdown2.o)
    0x08000256   0x08000256   0x00000000   Code   RO         3797    .ARM.Collect$$libshutdown$$0000000F  c_w.l(libshutdown2.o)
    0x08000256   0x08000256   0x00000002   Code   RO         3798    .ARM.Collect$$libshutdown$$00000010  c_w.l(libshutdown2.o)
    0x08000258   0x08000258   0x00000000   Code   RO         3516    .ARM.Collect$$rtentry$$00000000  c_w.l(__rtentry.o)
    0x08000258   0x08000258   0x00000000   Code   RO         3615    .ARM.Collect$$rtentry$$00000002  c_w.l(__rtentry2.o)
    0x08000258   0x08000258   0x00000006   Code   RO         3627    .ARM.Collect$$rtentry$$00000004  c_w.l(__rtentry4.o)
    0x0800025e   0x0800025e   0x00000000   Code   RO         3617    .ARM.Collect$$rtentry$$00000009  c_w.l(__rtentry2.o)
    0x0800025e   0x0800025e   0x00000004   Code   RO         3618    .ARM.Collect$$rtentry$$0000000A  c_w.l(__rtentry2.o)
    0x08000262   0x08000262   0x00000000   Code   RO         3620    .ARM.Collect$$rtentry$$0000000C  c_w.l(__rtentry2.o)
    0x08000262   0x08000262   0x00000008   Code   RO         3621    .ARM.Collect$$rtentry$$0000000D  c_w.l(__rtentry2.o)
    0x0800026a   0x0800026a   0x00000002   Code   RO         3700    .ARM.Collect$$rtexit$$00000000  c_w.l(rtexit.o)
    0x0800026c   0x0800026c   0x00000000   Code   RO         3753    .ARM.Collect$$rtexit$$00000002  c_w.l(rtexit2.o)
    0x0800026c   0x0800026c   0x00000004   Code   RO         3754    .ARM.Collect$$rtexit$$00000003  c_w.l(rtexit2.o)
    0x08000270   0x08000270   0x00000006   Code   RO         3755    .ARM.Collect$$rtexit$$00000004  c_w.l(rtexit2.o)
    0x08000276   0x08000276   0x00000002   PAD
    0x08000278   0x08000278   0x00000040   Code   RO            4    .text               startup_stm32f103xe.o
    0x080002b8   0x080002b8   0x00000034   Code   RO         3448    .text               c_w.l(vsnprintf.o)
    0x080002ec   0x080002ec   0x0000002c   Code   RO         3450    .text               c_w.l(__2sprintf.o)
    0x08000318   0x08000318   0x0000004e   Code   RO         3456    .text               c_w.l(_printf_pad.o)
    0x08000366   0x08000366   0x00000002   PAD
    0x08000368   0x08000368   0x00000078   Code   RO         3458    .text               c_w.l(_printf_dec.o)
    0x080003e0   0x080003e0   0x00000188   Code   RO         3477    .text               c_w.l(__printf_flags_ss_wp.o)
    0x08000568   0x08000568   0x00000048   Code   RO         3482    .text               c_w.l(strcpy.o)
    0x080005b0   0x080005b0   0x0000004e   Code   RO         3484    .text               c_w.l(rt_memclr_w.o)
    0x080005fe   0x080005fe   0x00000006   Code   RO         3486    .text               c_w.l(heapauxi.o)
    0x08000604   0x08000604   0x00000024   Code   RO         3517    .text               c_w.l(_printf_truncate.o)
    0x08000628   0x08000628   0x00000052   Code   RO         3519    .text               c_w.l(_printf_str.o)
    0x0800067a   0x0800067a   0x000000b2   Code   RO         3521    .text               c_w.l(_printf_intcommon.o)
    0x0800072c   0x0800072c   0x00000028   Code   RO         3523    .text               c_w.l(_printf_charcount.o)
    0x08000754   0x08000754   0x00000030   Code   RO         3525    .text               c_w.l(_printf_char_common.o)
    0x08000784   0x08000784   0x0000000a   Code   RO         3527    .text               c_w.l(_sputc.o)
    0x0800078e   0x0800078e   0x00000010   Code   RO         3529    .text               c_w.l(_snputc.o)
    0x0800079e   0x0800079e   0x00000002   PAD
    0x080007a0   0x080007a0   0x000000bc   Code   RO         3531    .text               c_w.l(_printf_wctomb.o)
    0x0800085c   0x0800085c   0x0000007c   Code   RO         3534    .text               c_w.l(_printf_longlong_dec.o)
    0x080008d8   0x080008d8   0x00000070   Code   RO         3540    .text               c_w.l(_printf_oct_int_ll.o)
    0x08000948   0x08000948   0x00000094   Code   RO         3560    .text               c_w.l(_printf_hex_int_ll_ptr.o)
    0x080009dc   0x080009dc   0x0000008a   Code   RO         3629    .text               c_w.l(lludiv10.o)
    0x08000a66   0x08000a66   0x0000041e   Code   RO         3631    .text               c_w.l(_printf_fp_dec.o)
    0x08000e84   0x08000e84   0x000002fc   Code   RO         3633    .text               c_w.l(_printf_fp_hex.o)
    0x08001180   0x08001180   0x0000002c   Code   RO         3638    .text               c_w.l(_printf_char.o)
    0x080011ac   0x080011ac   0x0000002c   Code   RO         3640    .text               c_w.l(_printf_wchar.o)
    0x080011d8   0x080011d8   0x00000040   Code   RO         3642    .text               c_w.l(_wcrtomb.o)
    0x08001218   0x08001218   0x0000004a   Code   RO         3646    .text               c_w.l(sys_stackheap_outer.o)
    0x08001262   0x08001262   0x00000002   PAD
    0x08001264   0x08001264   0x00000010   Code   RO         3648    .text               c_w.l(rt_ctype_table.o)
    0x08001274   0x08001274   0x00000008   Code   RO         3653    .text               c_w.l(rt_locale_intlibspace.o)
    0x0800127c   0x0800127c   0x00000080   Code   RO         3655    .text               c_w.l(_printf_fp_infnan.o)
    0x080012fc   0x080012fc   0x000000e4   Code   RO         3657    .text               c_w.l(bigflt0.o)
    0x080013e0   0x080013e0   0x00000012   Code   RO         3685    .text               c_w.l(exit.o)
    0x080013f2   0x080013f2   0x00000002   PAD
    0x080013f4   0x080013f4   0x00000008   Code   RO         3697    .text               c_w.l(libspace.o)
    0x080013fc   0x080013fc   0x00000080   Code   RO         3705    .text               c_w.l(strcmpv7m.o)
    0x0800147c   0x0800147c   0x0000000c   Code   RO         3763    .text               c_w.l(sys_exit.o)
    0x08001488   0x08001488   0x00000002   Code   RO         3774    .text               c_w.l(use_no_semi.o)
    0x0800148a   0x0800148a   0x00000000   Code   RO         3776    .text               c_w.l(indicate_semi.o)
    0x0800148a   0x0800148a   0x0000003e   Code   RO         3660    CL$$btod_d2e        c_w.l(btod.o)
    0x080014c8   0x080014c8   0x00000046   Code   RO         3662    CL$$btod_d2e_denorm_low  c_w.l(btod.o)
    0x0800150e   0x0800150e   0x00000060   Code   RO         3661    CL$$btod_d2e_norm_op1  c_w.l(btod.o)
    0x0800156e   0x0800156e   0x00000338   Code   RO         3670    CL$$btod_div_common  c_w.l(btod.o)
    0x080018a6   0x080018a6   0x000000dc   Code   RO         3667    CL$$btod_e2e        c_w.l(btod.o)
    0x08001982   0x08001982   0x0000002a   Code   RO         3664    CL$$btod_ediv       c_w.l(btod.o)
    0x080019ac   0x080019ac   0x0000002a   Code   RO         3663    CL$$btod_emul       c_w.l(btod.o)
    0x080019d6   0x080019d6   0x00000244   Code   RO         3669    CL$$btod_mult_common  c_w.l(btod.o)
    0x08001c1a   0x08001c1a   0x00000002   PAD
    0x08001c1c   0x08001c1c   0x0000007c   Code   RO         2933    i.App_Init          app.o
    0x08001c98   0x08001c98   0x000000c4   Code   RO         2934    i.App_Task          app.o
    0x08001d5c   0x08001d5c   0x00000002   Code   RO          392    i.BusFault_Handler  stm32f1xx_it.o
    0x08001d5e   0x08001d5e   0x00000002   PAD
    0x08001d60   0x08001d60   0x0000000c   Code   RO          393    i.DMA1_Channel2_IRQHandler  stm32f1xx_it.o
    0x08001d6c   0x08001d6c   0x0000000c   Code   RO          394    i.DMA1_Channel3_IRQHandler  stm32f1xx_it.o
    0x08001d78   0x08001d78   0x0000000c   Code   RO          395    i.DMA1_Channel6_IRQHandler  stm32f1xx_it.o
    0x08001d84   0x08001d84   0x0000000c   Code   RO          396    i.DMA1_Channel7_IRQHandler  stm32f1xx_it.o
    0x08001d90   0x08001d90   0x0000002a   Code   RO         1935    i.DMA_SetConfig     stm32f1xx_hal_dma.o
    0x08001dba   0x08001dba   0x00000002   Code   RO          397    i.DebugMon_Handler  stm32f1xx_it.o
    0x08001dbc   0x08001dbc   0x00000026   Code   RO          398    i.EXTI15_10_IRQHandler  stm32f1xx_it.o
    0x08001de2   0x08001de2   0x00000004   Code   RO           13    i.Error_Handler     main.o
    0x08001de6   0x08001de6   0x00000046   Code   RO         1936    i.HAL_DMA_Abort     stm32f1xx_hal_dma.o
    0x08001e2c   0x08001e2c   0x00000130   Code   RO         1937    i.HAL_DMA_Abort_IT  stm32f1xx_hal_dma.o
    0x08001f5c   0x08001f5c   0x00000248   Code   RO         1941    i.HAL_DMA_IRQHandler  stm32f1xx_hal_dma.o
    0x080021a4   0x080021a4   0x0000007c   Code   RO         1942    i.HAL_DMA_Init      stm32f1xx_hal_dma.o
    0x08002220   0x08002220   0x00000070   Code   RO         1946    i.HAL_DMA_Start_IT  stm32f1xx_hal_dma.o
    0x08002290   0x08002290   0x00000024   Code   RO         1562    i.HAL_Delay         stm32f1xx_hal.o
    0x080022b4   0x080022b4   0x00000002   Code   RO         1870    i.HAL_GPIO_EXTI_Callback  stm32f1xx_hal_gpio.o
    0x080022b6   0x080022b6   0x00000002   PAD
    0x080022b8   0x080022b8   0x00000018   Code   RO         1871    i.HAL_GPIO_EXTI_IRQHandler  stm32f1xx_hal_gpio.o
    0x080022d0   0x080022d0   0x000001f8   Code   RO         1872    i.HAL_GPIO_Init     stm32f1xx_hal_gpio.o
    0x080024c8   0x080024c8   0x00000010   Code   RO         1875    i.HAL_GPIO_TogglePin  stm32f1xx_hal_gpio.o
    0x080024d8   0x080024d8   0x0000000a   Code   RO         1876    i.HAL_GPIO_WritePin  stm32f1xx_hal_gpio.o
    0x080024e2   0x080024e2   0x00000002   PAD
    0x080024e4   0x080024e4   0x0000000c   Code   RO         1566    i.HAL_GetTick       stm32f1xx_hal.o
    0x080024f0   0x080024f0   0x00000010   Code   RO         1572    i.HAL_IncTick       stm32f1xx_hal.o
    0x08002500   0x08002500   0x00000024   Code   RO         1573    i.HAL_Init          stm32f1xx_hal.o
    0x08002524   0x08002524   0x00000040   Code   RO         1574    i.HAL_InitTick      stm32f1xx_hal.o
    0x08002564   0x08002564   0x0000003c   Code   RO          522    i.HAL_MspInit       stm32f1xx_hal_msp.o
    0x080025a0   0x080025a0   0x0000001a   Code   RO         2032    i.HAL_NVIC_EnableIRQ  stm32f1xx_hal_cortex.o
    0x080025ba   0x080025ba   0x00000002   PAD
    0x080025bc   0x080025bc   0x00000040   Code   RO         2038    i.HAL_NVIC_SetPriority  stm32f1xx_hal_cortex.o
    0x080025fc   0x080025fc   0x00000024   Code   RO         2039    i.HAL_NVIC_SetPriorityGrouping  stm32f1xx_hal_cortex.o
    0x08002620   0x08002620   0x0000012c   Code   RO         1730    i.HAL_RCC_ClockConfig  stm32f1xx_hal_rcc.o
    0x0800274c   0x0800274c   0x00000020   Code   RO         1737    i.HAL_RCC_GetPCLK1Freq  stm32f1xx_hal_rcc.o
    0x0800276c   0x0800276c   0x00000020   Code   RO         1738    i.HAL_RCC_GetPCLK2Freq  stm32f1xx_hal_rcc.o
    0x0800278c   0x0800278c   0x0000004c   Code   RO         1739    i.HAL_RCC_GetSysClockFreq  stm32f1xx_hal_rcc.o
    0x080027d8   0x080027d8   0x00000320   Code   RO         1742    i.HAL_RCC_OscConfig  stm32f1xx_hal_rcc.o
    0x08002af8   0x08002af8   0x00000028   Code   RO         2043    i.HAL_SYSTICK_Config  stm32f1xx_hal_cortex.o
    0x08002b20   0x08002b20   0x00000002   Code   RO         1288    i.HAL_TIMEx_BreakCallback  stm32f1xx_hal_tim_ex.o
    0x08002b22   0x08002b22   0x00000002   Code   RO         1289    i.HAL_TIMEx_CommutCallback  stm32f1xx_hal_tim_ex.o
    0x08002b24   0x08002b24   0x0000007c   Code   RO         1307    i.HAL_TIMEx_MasterConfigSynchronization  stm32f1xx_hal_tim_ex.o
    0x08002ba0   0x08002ba0   0x0000005a   Code   RO          584    i.HAL_TIM_Base_Init  stm32f1xx_hal_tim.o
    0x08002bfa   0x08002bfa   0x00000002   PAD
    0x08002bfc   0x08002bfc   0x00000038   Code   RO          237    i.HAL_TIM_Base_MspInit  tim.o
    0x08002c34   0x08002c34   0x0000006c   Code   RO          589    i.HAL_TIM_Base_Start_IT  stm32f1xx_hal_tim.o
    0x08002ca0   0x08002ca0   0x000000dc   Code   RO          593    i.HAL_TIM_ConfigClockSource  stm32f1xx_hal_tim.o
    0x08002d7c   0x08002d7c   0x000000a4   Code   RO          605    i.HAL_TIM_Encoder_Init  stm32f1xx_hal_tim.o
    0x08002e20   0x08002e20   0x00000090   Code   RO          239    i.HAL_TIM_Encoder_MspInit  tim.o
    0x08002eb0   0x08002eb0   0x00000002   Code   RO          618    i.HAL_TIM_IC_CaptureCallback  stm32f1xx_hal_tim.o
    0x08002eb2   0x08002eb2   0x00000166   Code   RO          632    i.HAL_TIM_IRQHandler  stm32f1xx_hal_tim.o
    0x08003018   0x08003018   0x00000090   Code   RO          240    i.HAL_TIM_MspPostInit  tim.o
    0x080030a8   0x080030a8   0x00000002   Code   RO          635    i.HAL_TIM_OC_DelayElapsedCallback  stm32f1xx_hal_tim.o
    0x080030aa   0x080030aa   0x000000cc   Code   RO          656    i.HAL_TIM_PWM_ConfigChannel  stm32f1xx_hal_tim.o
    0x08003176   0x08003176   0x0000005a   Code   RO          659    i.HAL_TIM_PWM_Init  stm32f1xx_hal_tim.o
    0x080031d0   0x080031d0   0x00000028   Code   RO          242    i.HAL_TIM_PWM_MspInit  tim.o
    0x080031f8   0x080031f8   0x00000002   Code   RO          662    i.HAL_TIM_PWM_PulseFinishedCallback  stm32f1xx_hal_tim.o
    0x080031fa   0x080031fa   0x00000002   PAD
    0x080031fc   0x080031fc   0x000000b4   Code   RO          664    i.HAL_TIM_PWM_Start  stm32f1xx_hal_tim.o
    0x080032b0   0x080032b0   0x00000024   Code   RO         2935    i.HAL_TIM_PeriodElapsedCallback  app.o
    0x080032d4   0x080032d4   0x00000002   Code   RO          675    i.HAL_TIM_TriggerCallback  stm32f1xx_hal_tim.o
    0x080032d6   0x080032d6   0x0000004e   Code   RO         2542    i.HAL_UARTEx_ReceiveToIdle_DMA  stm32f1xx_hal_uart.o
    0x08003324   0x08003324   0x00000020   Code   RO         3068    i.HAL_UARTEx_RxEventCallback  uart_it_config.o
    0x08003344   0x08003344   0x00000020   Code   RO         3069    i.HAL_UART_ErrorCallback  uart_it_config.o
    0x08003364   0x08003364   0x0000026c   Code   RO         2561    i.HAL_UART_IRQHandler  stm32f1xx_hal_uart.o
    0x080035d0   0x080035d0   0x00000064   Code   RO         2562    i.HAL_UART_Init     stm32f1xx_hal_uart.o
    0x08003634   0x08003634   0x000002a8   Code   RO          327    i.HAL_UART_MspInit  usart.o
    0x080038dc   0x080038dc   0x00000002   Code   RO         2568    i.HAL_UART_RxCpltCallback  stm32f1xx_hal_uart.o
    0x080038de   0x080038de   0x00000002   Code   RO         2569    i.HAL_UART_RxHalfCpltCallback  stm32f1xx_hal_uart.o
    0x080038e0   0x080038e0   0x00000078   Code   RO         2571    i.HAL_UART_Transmit_DMA  stm32f1xx_hal_uart.o
    0x08003958   0x08003958   0x00000002   Code   RO         2573    i.HAL_UART_TxCpltCallback  stm32f1xx_hal_uart.o
    0x0800395a   0x0800395a   0x00000002   Code   RO         2574    i.HAL_UART_TxHalfCpltCallback  stm32f1xx_hal_uart.o
    0x0800395c   0x0800395c   0x00000002   Code   RO          399    i.HardFault_Handler  stm32f1xx_it.o
    0x0800395e   0x0800395e   0x00000002   PAD
    0x08003960   0x08003960   0x00000038   Code   RO         3110    i.IIC_Start         oled.o
    0x08003998   0x08003998   0x0000002c   Code   RO         3111    i.IIC_Stop          oled.o
    0x080039c4   0x080039c4   0x00000024   Code   RO         3112    i.IIC_Wait_Ack      oled.o
    0x080039e8   0x080039e8   0x00000010   Code   RO         2983    i.LED_Toggle        led.o
    0x080039f8   0x080039f8   0x0000005c   Code   RO          212    i.MX_DMA_Init       dma.o
    0x08003a54   0x08003a54   0x00000104   Code   RO          188    i.MX_GPIO_Init      gpio.o
    0x08003b58   0x08003b58   0x0000006c   Code   RO          243    i.MX_TIM1_Init      tim.o
    0x08003bc4   0x08003bc4   0x000000a8   Code   RO          244    i.MX_TIM2_Init      tim.o
    0x08003c6c   0x08003c6c   0x000000a0   Code   RO          245    i.MX_TIM3_Init      tim.o
    0x08003d0c   0x08003d0c   0x0000006c   Code   RO          246    i.MX_TIM8_Init      tim.o
    0x08003d78   0x08003d78   0x00000038   Code   RO          328    i.MX_UART4_Init     usart.o
    0x08003db0   0x08003db0   0x00000038   Code   RO          329    i.MX_UART5_Init     usart.o
    0x08003de8   0x08003de8   0x00000038   Code   RO          330    i.MX_USART1_UART_Init  usart.o
    0x08003e20   0x08003e20   0x00000038   Code   RO          331    i.MX_USART2_UART_Init  usart.o
    0x08003e58   0x08003e58   0x00000038   Code   RO          332    i.MX_USART3_UART_Init  usart.o
    0x08003e90   0x08003e90   0x00000002   Code   RO          400    i.MemManage_Handler  stm32f1xx_it.o
    0x08003e92   0x08003e92   0x00000002   Code   RO          401    i.NMI_Handler       stm32f1xx_it.o
    0x08003e94   0x08003e94   0x0000003a   Code   RO         3113    i.OLED_Clear        oled.o
    0x08003ece   0x08003ece   0x000000de   Code   RO         3118    i.OLED_Init         oled.o
    0x08003fac   0x08003fac   0x0000002a   Code   RO         3120    i.OLED_Set_Pos      oled.o
    0x08003fd6   0x08003fd6   0x00000002   PAD
    0x08003fd8   0x08003fd8   0x00000088   Code   RO         3123    i.OLED_ShowChar     oled.o
    0x08004060   0x08004060   0x00000036   Code   RO         3125    i.OLED_ShowString   oled.o
    0x08004096   0x08004096   0x0000000c   Code   RO         3126    i.OLED_WR_Byte      oled.o
    0x080040a2   0x080040a2   0x00000002   PAD
    0x080040a4   0x080040a4   0x00000024   Code   RO         3272    i.PWM_Init          pwm.o
    0x080040c8   0x080040c8   0x00000002   Code   RO          402    i.PendSV_Handler    stm32f1xx_it.o
    0x080040ca   0x080040ca   0x00000002   PAD
    0x080040cc   0x080040cc   0x00000024   Code   RO         3273    i.SERVO_PWMA_Set    pwm.o
    0x080040f0   0x080040f0   0x00000024   Code   RO         3274    i.SERVO_PWMB_Set    pwm.o
    0x08004114   0x08004114   0x00000002   Code   RO          403    i.SVC_Handler       stm32f1xx_it.o
    0x08004116   0x08004116   0x00000004   Code   RO          404    i.SysTick_Handler   stm32f1xx_it.o
    0x0800411a   0x0800411a   0x0000005e   Code   RO           14    i.SystemClock_Config  main.o
    0x08004178   0x08004178   0x00000002   Code   RO         2896    i.SystemInit        system_stm32f1xx.o
    0x0800417a   0x0800417a   0x00000002   PAD
    0x0800417c   0x0800417c   0x0000000c   Code   RO          405    i.TIM2_IRQHandler   stm32f1xx_it.o
    0x08004188   0x08004188   0x0000008c   Code   RO          677    i.TIM_Base_SetConfig  stm32f1xx_hal_tim.o
    0x08004214   0x08004214   0x0000001a   Code   RO          678    i.TIM_CCxChannelCmd  stm32f1xx_hal_tim.o
    0x0800422e   0x0800422e   0x00000014   Code   RO          688    i.TIM_ETR_SetConfig  stm32f1xx_hal_tim.o
    0x08004242   0x08004242   0x00000010   Code   RO          689    i.TIM_ITRx_SetConfig  stm32f1xx_hal_tim.o
    0x08004252   0x08004252   0x00000002   PAD
    0x08004254   0x08004254   0x00000060   Code   RO          690    i.TIM_OC1_SetConfig  stm32f1xx_hal_tim.o
    0x080042b4   0x080042b4   0x0000006c   Code   RO          691    i.TIM_OC2_SetConfig  stm32f1xx_hal_tim.o
    0x08004320   0x08004320   0x00000068   Code   RO          692    i.TIM_OC3_SetConfig  stm32f1xx_hal_tim.o
    0x08004388   0x08004388   0x00000050   Code   RO          693    i.TIM_OC4_SetConfig  stm32f1xx_hal_tim.o
    0x080043d8   0x080043d8   0x00000022   Code   RO          695    i.TIM_TI1_ConfigInputStage  stm32f1xx_hal_tim.o
    0x080043fa   0x080043fa   0x00000024   Code   RO          697    i.TIM_TI2_ConfigInputStage  stm32f1xx_hal_tim.o
    0x0800441e   0x0800441e   0x00000008   Code   RO         3010    i.UART2_ErrorCallback  uart_2.o
    0x08004426   0x08004426   0x00000002   PAD
    0x08004428   0x08004428   0x00000034   Code   RO         3011    i.UART2_Init        uart_2.o
    0x0800445c   0x0800445c   0x00000008   Code   RO         3399    i.UART3_ErrorCallback  uart_3.o
    0x08004464   0x08004464   0x00000034   Code   RO         3400    i.UART3_Init        uart_3.o
    0x08004498   0x08004498   0x0000002c   Code   RO         3012    i.UARTE2_RxEventCallback  uart_2.o
    0x080044c4   0x080044c4   0x00000024   Code   RO         3401    i.UARTE3_RxEventCallback  uart_3.o
    0x080044e8   0x080044e8   0x00000010   Code   RO         2575    i.UART_DMAAbortOnError  stm32f1xx_hal_uart.o
    0x080044f8   0x080044f8   0x0000004a   Code   RO         2576    i.UART_DMAError     stm32f1xx_hal_uart.o
    0x08004542   0x08004542   0x00000086   Code   RO         2577    i.UART_DMAReceiveCplt  stm32f1xx_hal_uart.o
    0x080045c8   0x080045c8   0x0000001e   Code   RO         2579    i.UART_DMARxHalfCplt  stm32f1xx_hal_uart.o
    0x080045e6   0x080045e6   0x00000042   Code   RO         2581    i.UART_DMATransmitCplt  stm32f1xx_hal_uart.o
    0x08004628   0x08004628   0x0000000a   Code   RO         2583    i.UART_DMATxHalfCplt  stm32f1xx_hal_uart.o
    0x08004632   0x08004632   0x0000004e   Code   RO         2585    i.UART_EndRxTransfer  stm32f1xx_hal_uart.o
    0x08004680   0x08004680   0x0000001c   Code   RO         2586    i.UART_EndTxTransfer  stm32f1xx_hal_uart.o
    0x0800469c   0x0800469c   0x0000000e   Code   RO         3070    i.UART_IT_Init      uart_it_config.o
    0x080046aa   0x080046aa   0x000000c2   Code   RO         2587    i.UART_Receive_IT   stm32f1xx_hal_uart.o
    0x0800476c   0x0800476c   0x000000b8   Code   RO         2588    i.UART_SetConfig    stm32f1xx_hal_uart.o
    0x08004824   0x08004824   0x00000090   Code   RO         2589    i.UART_Start_Receive_DMA  stm32f1xx_hal_uart.o
    0x080048b4   0x080048b4   0x0000000c   Code   RO          406    i.USART1_IRQHandler  stm32f1xx_it.o
    0x080048c0   0x080048c0   0x0000000c   Code   RO          407    i.USART2_IRQHandler  stm32f1xx_it.o
    0x080048cc   0x080048cc   0x0000000c   Code   RO          408    i.USART3_IRQHandler  stm32f1xx_it.o
    0x080048d8   0x080048d8   0x00000002   Code   RO          409    i.UsageFault_Handler  stm32f1xx_it.o
    0x080048da   0x080048da   0x00000002   PAD
    0x080048dc   0x080048dc   0x0000002c   Code   RO         3402    i.Usart3DmaPrintf   uart_3.o
    0x08004908   0x08004908   0x0000005c   Code   RO         3127    i.Write_IIC_Byte    oled.o
    0x08004964   0x08004964   0x0000002e   Code   RO         3128    i.Write_IIC_Command  oled.o
    0x08004992   0x08004992   0x0000002e   Code   RO         3129    i.Write_IIC_Data    oled.o
    0x080049c0   0x080049c0   0x0000001c   Code   RO         3315    i.Yuntai_Control    yuntai.o
    0x080049dc   0x080049dc   0x00000038   Code   RO         3320    i.Yuntaiz_A_Move    yuntai.o
    0x08004a14   0x08004a14   0x00000038   Code   RO         3321    i.Yuntaiz_B_Move    yuntai.o
    0x08004a4c   0x08004a4c   0x00000028   Code   RO         3695    i.__ARM_fpclassify  m_ws.l(fpclassify.o)
    0x08004a74   0x08004a74   0x00000020   Code   RO         2045    i.__NVIC_SetPriority  stm32f1xx_hal_cortex.o
    0x08004a94   0x08004a94   0x0000000e   Code   RO         3470    i._is_digit         c_w.l(__printf_wp.o)
    0x08004aa2   0x08004aa2   0x0000003e   Code   RO           15    i.main              main.o
    0x08004ae0   0x08004ae0   0x0000002c   Code   RO         3683    locale$$code        c_w.l(lc_numeric_c.o)
    0x08004b0c   0x08004b0c   0x0000002c   Code   RO         3703    locale$$code        c_w.l(lc_ctype_c.o)
    0x08004b38   0x08004b38   0x00000004   Code   RO         3605    x$fpl$printf1       fz_ws.l(printf1.o)
    0x08004b3c   0x08004b3c   0x00000004   Code   RO         3607    x$fpl$printf2       fz_ws.l(printf2.o)
    0x08004b40   0x08004b40   0x00000000   Code   RO         3613    x$fpl$usenofp       fz_ws.l(usenofp.o)
    0x08004b40   0x08004b40   0x00000012   Data   RO         1743    .constdata          stm32f1xx_hal_rcc.o
    0x08004b52   0x08004b52   0x00000010   Data   RO         2897    .constdata          system_stm32f1xx.o
    0x08004b62   0x08004b62   0x00000008   Data   RO         2898    .constdata          system_stm32f1xx.o
    0x08004b6a   0x08004b6a   0x00000818   Data   RO         3132    .constdata          oled.o
    0x08005382   0x08005382   0x00000011   Data   RO         3478    .constdata          c_w.l(__printf_flags_ss_wp.o)
    0x08005393   0x08005393   0x00000001   PAD
    0x08005394   0x08005394   0x00000008   Data   RO         3532    .constdata          c_w.l(_printf_wctomb.o)
    0x0800539c   0x0800539c   0x00000028   Data   RO         3561    .constdata          c_w.l(_printf_hex_int_ll_ptr.o)
    0x080053c4   0x080053c4   0x00000026   Data   RO         3634    .constdata          c_w.l(_printf_fp_hex.o)
    0x080053ea   0x080053ea   0x00000002   PAD
    0x080053ec   0x080053ec   0x00000094   Data   RO         3658    .constdata          c_w.l(bigflt0.o)
    0x08005480   0x08005480   0x00000020   Data   RO         3829    Region$$Table       anon$$obj.o
    0x080054a0   0x080054a0   0x0000001c   Data   RO         3682    locale$$data        c_w.l(lc_numeric_c.o)
    0x080054bc   0x080054bc   0x00000110   Data   RO         3702    locale$$data        c_w.l(lc_ctype_c.o)


    Execution Region RW_IRAM1 (Exec base: 0x20000000, Load base: 0x080055cc, Size: 0x00000ef0, Max: 0x0000c000, ABSOLUTE)

    Exec Addr    Load Addr    Size         Type   Attr      Idx    E Section Name        Object

    0x20000000   0x080055cc   0x0000000c   Data   RW         1580    .data               stm32f1xx_hal.o
    0x2000000c   0x080055d8   0x00000004   Data   RW         2899    .data               system_stm32f1xx.o
    0x20000010   0x080055dc   0x00000014   Data   RW         2941    .data               app.o
    0x20000024   0x080055f0   0x00000002   Data   RW         3016    .data               uart_2.o
    0x20000026   0x080055f2   0x00000001   Data   RW         3275    .data               pwm.o
    0x20000027   0x080055f3   0x00000001   PAD
    0x20000028   0x080055f4   0x00000008   Data   RW         3326    .data               yuntai.o
    0x20000030   0x080055fc   0x00000001   Data   RW         3405    .data               uart_3.o
    0x20000031   0x080055fd   0x00000003   PAD
    0x20000034        -       0x00000120   Zero   RW          247    .bss                tim.o
    0x20000154        -       0x00000278   Zero   RW          333    .bss                usart.o
    0x200003cc        -       0x00000080   Zero   RW         2938    .bss                app.o
    0x2000044c        -       0x00000240   Zero   RW         3014    .bss                uart_2.o
    0x2000068c        -       0x00000200   Zero   RW         3403    .bss                uart_3.o
    0x2000088c        -       0x00000060   Zero   RW         3698    .bss                c_w.l(libspace.o)
    0x200008ec   0x080055fd   0x00000004   PAD
    0x200008f0        -       0x00000200   Zero   RW            2    HEAP                startup_stm32f103xe.o
    0x20000af0        -       0x00000400   Zero   RW            1    STACK               startup_stm32f103xe.o


==============================================================================

Image component sizes


      Code (inc. data)   RO Data    RW Data    ZI Data      Debug   Object Name

       356        150          0         20        128       2735   app.o
        92          4          0          0          0        798   dma.o
       260         20          0          0          0       1027   gpio.o
        16          6          0          0          0        413   led.o
       160          0          0          0          0     487852   main.o
       844         28       2072          0          0       8465   oled.o
       108         24          0          1          0       1641   pwm.o
        64         26        304          0       1536        820   startup_stm32f103xe.o
       164         28          0         12          0       6581   stm32f1xx_hal.o
       198         14          0          0          0      28995   stm32f1xx_hal_cortex.o
      1236         52          0          0          0       5182   stm32f1xx_hal_dma.o
       556         48          0          0          0       4681   stm32f1xx_hal_gpio.o
        60          8          0          0          0        894   stm32f1xx_hal_msp.o
      1240         84         18          0          0       5164   stm32f1xx_hal_rcc.o
      2082         96          0          0          0      16739   stm32f1xx_hal_tim.o
       128         20          0          0          0       2437   stm32f1xx_hal_tim_ex.o
      1884         38          0          0          0      14346   stm32f1xx_hal_uart.o
       154         48          0          0          0       8059   stm32f1xx_it.o
         2          0         24          4          0       1143   system_stm32f1xx.o
       928         88          0          0        288       5715   tim.o
       104         26          0          2        576       2962   uart_2.o
       140         32          0          1        512       2873   uart_3.o
        78         16          0          0          0       1905   uart_it_config.o
       960         92          0          0        632       4834   usart.o
       140         12          0          8          0       2198   yuntai.o

    ----------------------------------------------------------------------
     11982        960       2450         52       3672     618459   Object Totals
         0          0         32          0          0          0   (incl. Generated)
        28          0          0          4          0          0   (incl. Padding)

    ----------------------------------------------------------------------

      Code (inc. data)   RO Data    RW Data    ZI Data      Debug   Library Member Name

        44          6          0          0          0         84   __2sprintf.o
         8          0          0          0          0         68   __main.o
       392          4         17          0          0         92   __printf_flags_ss_wp.o
        14          0          0          0          0         68   __printf_wp.o
         0          0          0          0          0          0   __rtentry.o
        12          0          0          0          0          0   __rtentry2.o
         6          0          0          0          0          0   __rtentry4.o
        52          8          0          0          0          0   __scatter.o
        26          0          0          0          0          0   __scatter_copy.o
        28          0          0          0          0          0   __scatter_zi.o
         6          0          0          0          0          0   _printf_a.o
         6          0          0          0          0          0   _printf_c.o
        44          0          0          0          0        108   _printf_char.o
        48          6          0          0          0         96   _printf_char_common.o
        40          0          0          0          0         68   _printf_charcount.o
         6          0          0          0          0          0   _printf_d.o
       120         16          0          0          0         92   _printf_dec.o
         6          0          0          0          0          0   _printf_e.o
         6          0          0          0          0          0   _printf_f.o
      1054          0          0          0          0        216   _printf_fp_dec.o
       764          8         38          0          0        100   _printf_fp_hex.o
       128         16          0          0          0         84   _printf_fp_infnan.o
         6          0          0          0          0          0   _printf_g.o
       148          4         40          0          0        160   _printf_hex_int_ll_ptr.o
         6          0          0          0          0          0   _printf_i.o
       178          0          0          0          0         88   _printf_intcommon.o
        10          0          0          0          0          0   _printf_l.o
         6          0          0          0          0          0   _printf_lc.o
        10          0          0          0          0          0   _printf_ll.o
         6          0          0          0          0          0   _printf_lld.o
         6          0          0          0          0          0   _printf_lli.o
         6          0          0          0          0          0   _printf_llo.o
         6          0          0          0          0          0   _printf_llu.o
         6          0          0          0          0          0   _printf_llx.o
       124         16          0          0          0         92   _printf_longlong_dec.o
         6          0          0          0          0          0   _printf_ls.o
         6          0          0          0          0          0   _printf_n.o
         6          0          0          0          0          0   _printf_o.o
       112         10          0          0          0        124   _printf_oct_int_ll.o
         6          0          0          0          0          0   _printf_p.o
        78          0          0          0          0        108   _printf_pad.o
         0          0          0          0          0          0   _printf_percent.o
         4          0          0          0          0          0   _printf_percent_end.o
         6          0          0          0          0          0   _printf_s.o
        82          0          0          0          0         80   _printf_str.o
        36          0          0          0          0         84   _printf_truncate.o
         6          0          0          0          0          0   _printf_u.o
        44          0          0          0          0        108   _printf_wchar.o
       188          6          8          0          0         92   _printf_wctomb.o
         6          0          0          0          0          0   _printf_x.o
        16          0          0          0          0         68   _snputc.o
        10          0          0          0          0         68   _sputc.o
        64          0          0          0          0         92   _wcrtomb.o
       228          4        148          0          0         96   bigflt0.o
      1936        128          0          0          0        672   btod.o
        18          0          0          0          0         80   exit.o
         6          0          0          0          0        152   heapauxi.o
         0          0          0          0          0          0   indicate_semi.o
        44         10        272          0          0         76   lc_ctype_c.o
        44         10         28          0          0         76   lc_numeric_c.o
         2          0          0          0          0          0   libinit.o
        30          0          0          0          0          0   libinit2.o
         2          0          0          0          0          0   libshutdown.o
         2          0          0          0          0          0   libshutdown2.o
         8          4          0          0         96         68   libspace.o
       138          0          0          0          0         80   lludiv10.o
        16          4          0          0          0         76   rt_ctype_table.o
         8          4          0          0          0         68   rt_locale_intlibspace.o
        78          0          0          0          0         80   rt_memclr_w.o
         2          0          0          0          0          0   rtexit.o
        10          0          0          0          0          0   rtexit2.o
       128          0          0          0          0         68   strcmpv7m.o
        72          0          0          0          0         80   strcpy.o
        12          4          0          0          0         68   sys_exit.o
        74          0          0          0          0         80   sys_stackheap_outer.o
         2          0          0          0          0         68   use_no_semi.o
        52          4          0          0          0         80   vsnprintf.o
         4          0          0          0          0         68   printf1.o
         4          0          0          0          0         68   printf2.o
         0          0          0          0          0          0   usenofp.o
        40          0          0          0          0         68   fpclassify.o

    ----------------------------------------------------------------------
      6978        272        554          0        100       4412   Library Totals
        14          0          3          0          4          0   (incl. Padding)

    ----------------------------------------------------------------------

      Code (inc. data)   RO Data    RW Data    ZI Data      Debug   Library Name

      6916        272        551          0         96       4208   c_w.l
         8          0          0          0          0        136   fz_ws.l
        40          0          0          0          0         68   m_ws.l

    ----------------------------------------------------------------------
      6978        272        554          0        100       4412   Library Totals

    ----------------------------------------------------------------------

==============================================================================


      Code (inc. data)   RO Data    RW Data    ZI Data      Debug   

     18960       1232       3004         52       3772     613351   Grand Totals
     18960       1232       3004         52       3772     613351   ELF Image Totals
     18960       1232       3004         52          0          0   ROM Totals

==============================================================================

    Total RO  Size (Code + RO Data)                21964 (  21.45kB)
    Total RW  Size (RW Data + ZI Data)              3824 (   3.73kB)
    Total ROM Size (Code + RO Data + RW Data)      22016 (  21.50kB)

==============================================================================

